

Microchip MPLAB XC8 Assembler V3.10 build 20250813170317 
                                                                                               Tue Oct  6 20:23:17 2026

Microchip MPLAB XC8 C Compiler v3.10 (Free license) build 20250813170317 Og1 
     1                           	processor	16F877A
     2                           	pagewidth 120
     3                           	opt	flic
     4                           	psect	strings,global,class=STRING,space=0,delta=2,noexec
     5                           	psect	cinit,global,class=CODE,space=0,merge=1,delta=2
     6                           	psect	cstackCOMMON,global,class=COMMON,space=1,delta=1,noexec
     7                           	psect	maintext,global,class=CODE,space=0,split=1,delta=2
     8                           	psect	text1,local,class=CODE,space=0,merge=1,delta=2
     9                           	psect	text2,local,class=CODE,space=0,merge=1,delta=2
    10                           	psect	text3,local,class=CODE,space=0,merge=1,delta=2
    11                           	psect	text4,local,class=CODE,space=0,merge=1,delta=2
    12                           	psect	text5,local,class=CODE,space=0,merge=1,delta=2
    13                           	psect	idloc,global,abs,ovrld,class=IDLOC,space=5,delta=2,noexec
    14                           	psect	config,global,abs,ovrld,class=CONFIG,space=4,delta=2,noexec
    15                           	dabs	1,0x7E,2
    16     0000                     
    17                           ; Version 2.20
    18                           ; Generated 12/02/2020 GMT
    19                           ; 
    20                           ; Copyright © 2020, Microchip Technology Inc. and its subsidiaries ("Microchip")
    21                           ; All rights reserved.
    22                           ; 
    23                           ; This software is developed by Microchip Technology Inc. and its subsidiaries ("Microch
      +                          ip").
    24                           ; 
    25                           ; Redistribution and use in source and binary forms, with or without modification, are
    26                           ; permitted provided that the following conditions are met:
    27                           ; 
    28                           ;     1. Redistributions of source code must retain the above copyright notice, this lis
      +                          t of
    29                           ;        conditions and the following disclaimer.
    30                           ; 
    31                           ;     2. Redistributions in binary form must reproduce the above copyright notice, this 
      +                          list
    32                           ;        of conditions and the following disclaimer in the documentation and/or other
    33                           ;        materials provided with the distribution.
    34                           ; 
    35                           ;     3. Microchip's name may not be used to endorse or promote products derived from th
      +                          is
    36                           ;        software without specific prior written permission.
    37                           ; 
    38                           ; THIS SOFTWARE IS PROVIDED BY MICROCHIP "AS IS" AND ANY EXPRESS OR IMPLIED WARRANTIES,
    39                           ; INCLUDING, BUT NOT LIMITED TO, THE IMPLIED WARRANTIES OF MERCHANTABILITY AND FITNESS F
      +                          OR
    40                           ; PURPOSE ARE DISCLAIMED.  IN NO EVENT SHALL MICROCHIP BE LIABLE FOR ANY DIRECT, INDIREC
      +                          T,
    41                           ; INCIDENTAL, SPECIAL, EXEMPLARY, OR CONSEQUENTIAL DAMAGES (INCLUDING BUT NOT LIMITED TO
    42                           ; PROCUREMENT OF SUBSTITUTE GOODS OR SERVICES; LOSS OF USE, DATA OR PROFITS; OR BUSINESS
    43                           ; INTERRUPTION) HOWSOEVER CAUSED AND ON ANY THEORY OF LIABILITY, WHETHER IN CONTRACT, ST
      +                          RICT
    44                           ; LIABILITY, OR TORT (INCLUDING NEGLIGENCE OR OTHERWISE) ARISING IN ANY WAY OUT OF THE U
      +                          SE OF
    45                           ; THIS SOFTWARE, EVEN IF ADVISED OF THE POSSIBILITY OF SUCH DAMAGE.
    46                           ; 
    47                           ; 
    48                           ; Code-generator required, PIC16F877A Definitions
    49                           ; 
    50                           ; SFR Addresses
    51     0004                     fsr             equ	4
    52     0004                     fsr0            equ	4
    53     0000                     indf            equ	0
    54     0000                     indf0           equ	0
    55     0002                     pc              equ	2
    56     0002                     pcl             equ	2
    57     000A                     pclath          equ	10
    58     0003                     status          equ	3
    59     0000                     INDF            equ	0	;# 
    60     0001                     TMR0            equ	1	;# 
    61     0002                     PCL             equ	2	;# 
    62     0003                     STATUS          equ	3	;# 
    63     0004                     FSR             equ	4	;# 
    64     0005                     PORTA           equ	5	;# 
    65     0006                     PORTB           equ	6	;# 
    66     0007                     PORTC           equ	7	;# 
    67     0008                     PORTD           equ	8	;# 
    68     0009                     PORTE           equ	9	;# 
    69     000A                     PCLATH          equ	10	;# 
    70     000B                     INTCON          equ	11	;# 
    71     000C                     PIR1            equ	12	;# 
    72     000D                     PIR2            equ	13	;# 
    73     000E                     TMR1            equ	14	;# 
    74     000E                     TMR1L           equ	14	;# 
    75     000F                     TMR1H           equ	15	;# 
    76     0010                     T1CON           equ	16	;# 
    77     0011                     TMR2            equ	17	;# 
    78     0012                     T2CON           equ	18	;# 
    79     0013                     SSPBUF          equ	19	;# 
    80     0014                     SSPCON          equ	20	;# 
    81     0015                     CCPR1           equ	21	;# 
    82     0015                     CCPR1L          equ	21	;# 
    83     0016                     CCPR1H          equ	22	;# 
    84     0017                     CCP1CON         equ	23	;# 
    85     0018                     RCSTA           equ	24	;# 
    86     0019                     TXREG           equ	25	;# 
    87     001A                     RCREG           equ	26	;# 
    88     001B                     CCPR2           equ	27	;# 
    89     001B                     CCPR2L          equ	27	;# 
    90     001C                     CCPR2H          equ	28	;# 
    91     001D                     CCP2CON         equ	29	;# 
    92     001E                     ADRESH          equ	30	;# 
    93     001F                     ADCON0          equ	31	;# 
    94     0081                     OPTION_REG      equ	129	;# 
    95     0085                     TRISA           equ	133	;# 
    96     0086                     TRISB           equ	134	;# 
    97     0087                     TRISC           equ	135	;# 
    98     0088                     TRISD           equ	136	;# 
    99     0089                     TRISE           equ	137	;# 
   100     008C                     PIE1            equ	140	;# 
   101     008D                     PIE2            equ	141	;# 
   102     008E                     PCON            equ	142	;# 
   103     0091                     SSPCON2         equ	145	;# 
   104     0092                     PR2             equ	146	;# 
   105     0093                     SSPADD          equ	147	;# 
   106     0094                     SSPSTAT         equ	148	;# 
   107     0098                     TXSTA           equ	152	;# 
   108     0099                     SPBRG           equ	153	;# 
   109     009C                     CMCON           equ	156	;# 
   110     009D                     CVRCON          equ	157	;# 
   111     009E                     ADRESL          equ	158	;# 
   112     009F                     ADCON1          equ	159	;# 
   113     010C                     EEDATA          equ	268	;# 
   114     010D                     EEADR           equ	269	;# 
   115     010E                     EEDATH          equ	270	;# 
   116     010F                     EEADRH          equ	271	;# 
   117     018C                     EECON1          equ	396	;# 
   118     018D                     EECON2          equ	397	;# 
   119     0000                     INDF            equ	0	;# 
   120     0001                     TMR0            equ	1	;# 
   121     0002                     PCL             equ	2	;# 
   122     0003                     STATUS          equ	3	;# 
   123     0004                     FSR             equ	4	;# 
   124     0005                     PORTA           equ	5	;# 
   125     0006                     PORTB           equ	6	;# 
   126     0007                     PORTC           equ	7	;# 
   127     0008                     PORTD           equ	8	;# 
   128     0009                     PORTE           equ	9	;# 
   129     000A                     PCLATH          equ	10	;# 
   130     000B                     INTCON          equ	11	;# 
   131     000C                     PIR1            equ	12	;# 
   132     000D                     PIR2            equ	13	;# 
   133     000E                     TMR1            equ	14	;# 
   134     000E                     TMR1L           equ	14	;# 
   135     000F                     TMR1H           equ	15	;# 
   136     0010                     T1CON           equ	16	;# 
   137     0011                     TMR2            equ	17	;# 
   138     0012                     T2CON           equ	18	;# 
   139     0013                     SSPBUF          equ	19	;# 
   140     0014                     SSPCON          equ	20	;# 
   141     0015                     CCPR1           equ	21	;# 
   142     0015                     CCPR1L          equ	21	;# 
   143     0016                     CCPR1H          equ	22	;# 
   144     0017                     CCP1CON         equ	23	;# 
   145     0018                     RCSTA           equ	24	;# 
   146     0019                     TXREG           equ	25	;# 
   147     001A                     RCREG           equ	26	;# 
   148     001B                     CCPR2           equ	27	;# 
   149     001B                     CCPR2L          equ	27	;# 
   150     001C                     CCPR2H          equ	28	;# 
   151     001D                     CCP2CON         equ	29	;# 
   152     001E                     ADRESH          equ	30	;# 
   153     001F                     ADCON0          equ	31	;# 
   154     0081                     OPTION_REG      equ	129	;# 
   155     0085                     TRISA           equ	133	;# 
   156     0086                     TRISB           equ	134	;# 
   157     0087                     TRISC           equ	135	;# 
   158     0088                     TRISD           equ	136	;# 
   159     0089                     TRISE           equ	137	;# 
   160     008C                     PIE1            equ	140	;# 
   161     008D                     PIE2            equ	141	;# 
   162     008E                     PCON            equ	142	;# 
   163     0091                     SSPCON2         equ	145	;# 
   164     0092                     PR2             equ	146	;# 
   165     0093                     SSPADD          equ	147	;# 
   166     0094                     SSPSTAT         equ	148	;# 
   167     0098                     TXSTA           equ	152	;# 
   168     0099                     SPBRG           equ	153	;# 
   169     009C                     CMCON           equ	156	;# 
   170     009D                     CVRCON          equ	157	;# 
   171     009E                     ADRESL          equ	158	;# 
   172     009F                     ADCON1          equ	159	;# 
   173     010C                     EEDATA          equ	268	;# 
   174     010D                     EEADR           equ	269	;# 
   175     010E                     EEDATH          equ	270	;# 
   176     010F                     EEADRH          equ	271	;# 
   177     018C                     EECON1          equ	396	;# 
   178     018D                     EECON2          equ	397	;# 
   179     0000                     INDF            equ	0	;# 
   180     0001                     TMR0            equ	1	;# 
   181     0002                     PCL             equ	2	;# 
   182     0003                     STATUS          equ	3	;# 
   183     0004                     FSR             equ	4	;# 
   184     0005                     PORTA           equ	5	;# 
   185     0006                     PORTB           equ	6	;# 
   186     0007                     PORTC           equ	7	;# 
   187     0008                     PORTD           equ	8	;# 
   188     0009                     PORTE           equ	9	;# 
   189     000A                     PCLATH          equ	10	;# 
   190     000B                     INTCON          equ	11	;# 
   191     000C                     PIR1            equ	12	;# 
   192     000D                     PIR2            equ	13	;# 
   193     000E                     TMR1            equ	14	;# 
   194     000E                     TMR1L           equ	14	;# 
   195     000F                     TMR1H           equ	15	;# 
   196     0010                     T1CON           equ	16	;# 
   197     0011                     TMR2            equ	17	;# 
   198     0012                     T2CON           equ	18	;# 
   199     0013                     SSPBUF          equ	19	;# 
   200     0014                     SSPCON          equ	20	;# 
   201     0015                     CCPR1           equ	21	;# 
   202     0015                     CCPR1L          equ	21	;# 
   203     0016                     CCPR1H          equ	22	;# 
   204     0017                     CCP1CON         equ	23	;# 
   205     0018                     RCSTA           equ	24	;# 
   206     0019                     TXREG           equ	25	;# 
   207     001A                     RCREG           equ	26	;# 
   208     001B                     CCPR2           equ	27	;# 
   209     001B                     CCPR2L          equ	27	;# 
   210     001C                     CCPR2H          equ	28	;# 
   211     001D                     CCP2CON         equ	29	;# 
   212     001E                     ADRESH          equ	30	;# 
   213     001F                     ADCON0          equ	31	;# 
   214     0081                     OPTION_REG      equ	129	;# 
   215     0085                     TRISA           equ	133	;# 
   216     0086                     TRISB           equ	134	;# 
   217     0087                     TRISC           equ	135	;# 
   218     0088                     TRISD           equ	136	;# 
   219     0089                     TRISE           equ	137	;# 
   220     008C                     PIE1            equ	140	;# 
   221     008D                     PIE2            equ	141	;# 
   222     008E                     PCON            equ	142	;# 
   223     0091                     SSPCON2         equ	145	;# 
   224     0092                     PR2             equ	146	;# 
   225     0093                     SSPADD          equ	147	;# 
   226     0094                     SSPSTAT         equ	148	;# 
   227     0098                     TXSTA           equ	152	;# 
   228     0099                     SPBRG           equ	153	;# 
   229     009C                     CMCON           equ	156	;# 
   230     009D                     CVRCON          equ	157	;# 
   231     009E                     ADRESL          equ	158	;# 
   232     009F                     ADCON1          equ	159	;# 
   233     010C                     EEDATA          equ	268	;# 
   234     010D                     EEADR           equ	269	;# 
   235     010E                     EEDATH          equ	270	;# 
   236     010F                     EEADRH          equ	271	;# 
   237     018C                     EECON1          equ	396	;# 
   238     018D                     EECON2          equ	397	;# 
   239                           
   240                           	psect	strings
   241     0003                     __pstrings:
   242     0003                     stringtab:
   243     0003                     __stringtab:
   244     0003                     stringcode:	
   245                           ;	String table - string pointers are 1 byte each
   246                           
   247     0003                     stringdir:
   248     0003  3000               	movlw	high stringdir
   249     0004  008A               	movwf	10
   250     0005  0804               	movf	4,w
   251     0006  0A84               	incf	4,f
   252     0007  0782               	addwf	2,f
   253     0008                     __stringbase:
   254     0008  3400               	retlw	0
   255     0009                     __end_of__stringtab:
   256     0009                     main@str:
   257     0009  3448               	retlw	72
   258     000A  3461               	retlw	97
   259     000B  3472               	retlw	114
   260     000C  3464               	retlw	100
   261     000D  3477               	retlw	119
   262     000E  3461               	retlw	97
   263     000F  3472               	retlw	114
   264     0010  3465               	retlw	101
   265     0011  3420               	retlw	32
   266     0012  3469               	retlw	105
   267     0013  3473               	retlw	115
   268     0014  3420               	retlw	32
   269     0015  3442               	retlw	66
   270     0016  3465               	retlw	101
   271     0017  3473               	retlw	115
   272     0018  3474               	retlw	116
   273     0019  3420               	retlw	32
   274     001A  3474               	retlw	116
   275     001B  346F               	retlw	111
   276     001C  346F               	retlw	111
   277     001D  346C               	retlw	108
   278     001E  3420               	retlw	32
   279     001F  3466               	retlw	102
   280     0020  346F               	retlw	111
   281     0021  3472               	retlw	114
   282     0022  3420               	retlw	32
   283     0023  344D               	retlw	77
   284     0024  3445               	retlw	69
   285     0025  3400               	retlw	0
   286     0026                     __end_ofmain@str:
   287     0026                     main@str1:
   288     0026  3453               	retlw	83
   289     0027  346F               	retlw	111
   290     0028  3466               	retlw	102
   291     0029  3474               	retlw	116
   292     002A  3477               	retlw	119
   293     002B  3461               	retlw	97
   294     002C  3472               	retlw	114
   295     002D  3465               	retlw	101
   296     002E  3400               	retlw	0
   297     002F                     __end_ofmain@str1:
   298     0006                     _PORTB          set	6
   299     0039                     _RC1            set	57
   300     0038                     _RC0            set	56
   301     0086                     _TRISB          set	134
   302     0439                     _TRISC1         set	1081
   303     0438                     _TRISC0         set	1080
   304                           
   305                           	psect	cinit
   306     07FC                     start_initialization:	
   307                           ; #config settings
   308                           
   309     07FC                     __initialization:
   310     07FC                     end_of_initialization:	
   311                           ;End of C runtime variable initialization code
   312                           
   313     07FC                     __end_of__initialization:
   314     07FC  0183               	clrf	3
   315     07FD  120A  118A  2F3E   	ljmp	_main	;jump to C main() function
   316                           
   317                           	psect	cstackCOMMON
   318     0070                     __pcstackCOMMON:
   319     0070                     ?_lcd_init:
   320     0070                     ?_lcd_left_scroll:	
   321                           ; 1 bytes @ 0x0
   322                           
   323     0070                     ?_main:	
   324                           ; 1 bytes @ 0x0
   325                           
   326     0070                     ?_clcd_write:	
   327                           ; 1 bytes @ 0x0
   328                           
   329     0070                     ?_init_display:	
   330                           ; 1 bytes @ 0x0
   331                           
   332     0070                     clcd_write@mode:	
   333                           ; 1 bytes @ 0x0
   334                           
   335                           
   336                           ; 1 bytes @ 0x0
   337     0070                     	ds	1
   338     0071                     ??_clcd_write:
   339                           
   340                           ; 1 bytes @ 0x1
   341     0071                     	ds	2
   342     0073                     clcd_write@byte:
   343                           
   344                           ; 1 bytes @ 0x3
   345     0073                     	ds	1
   346     0074                     ?_clcd_print:
   347     0074                     clcd_print@str:	
   348                           ; 1 bytes @ 0x4
   349                           
   350     0074                     ??_lcd_left_scroll:	
   351                           ; 1 bytes @ 0x4
   352                           
   353     0074                     ??_init_display:	
   354                           ; 1 bytes @ 0x4
   355                           
   356                           
   357                           ; 1 bytes @ 0x4
   358     0074                     	ds	1
   359     0075                     clcd_print@addr:
   360                           
   361                           ; 1 bytes @ 0x5
   362     0075                     	ds	1
   363     0076                     ??_clcd_print:
   364                           
   365                           ; 1 bytes @ 0x6
   366     0076                     	ds	1
   367     0077                     lcd_left_scroll@times:
   368     0077                     ??_lcd_init:	
   369                           ; 1 bytes @ 0x7
   370                           
   371                           
   372                           ; 1 bytes @ 0x7
   373     0077                     	ds	1
   374     0078                     lcd_left_scroll@i:
   375                           
   376                           ; 2 bytes @ 0x8
   377     0078                     	ds	2
   378     007A                     ??_main:
   379                           
   380                           ; 1 bytes @ 0xA
   381     007A                     	ds	2
   382                           
   383                           	psect	maintext
   384     073E                     __pmaintext:	
   385 ;;
   386 ;;Main: autosize = 0, tempsize = 2, incstack = 0, save=0
   387 ;;
   388 ;; *************** function _main *****************
   389 ;; Defined at:
   390 ;;		line 12 in file "main.c"
   391 ;; Parameters:    Size  Location     Type
   392 ;;		None
   393 ;; Auto vars:     Size  Location     Type
   394 ;;		None
   395 ;; Return value:  Size  Location     Type
   396 ;;                  1    wreg      void 
   397 ;; Registers used:
   398 ;;		wreg, fsr0l, fsr0h, status,2, status,0, pclath, cstack
   399 ;; Tracked objects:
   400 ;;		On entry : B00/0
   401 ;;		On exit  : 0/0
   402 ;;		Unchanged: 0/0
   403 ;; Data sizes:     COMMON   BANK0   BANK1   BANK3   BANK2
   404 ;;      Params:         0       0       0       0       0
   405 ;;      Locals:         0       0       0       0       0
   406 ;;      Temps:          2       0       0       0       0
   407 ;;      Totals:         2       0       0       0       0
   408 ;;Total ram usage:        2 bytes
   409 ;; Hardware stack levels required when called: 3
   410 ;; This function calls:
   411 ;;		_clcd_print
   412 ;;		_lcd_init
   413 ;;		_lcd_left_scroll
   414 ;; This function is called by:
   415 ;;		Startup code after reset
   416 ;; This function uses a non-reentrant model
   417 ;;
   418                           
   419     073E                     _main:	
   420                           ;psect for function _main
   421                           
   422     073E                     l731:	
   423                           ;incstack = 0
   424                           ; Regs used in _main: [wreg-fsr0h+status,2+status,0+pclath+cstack]
   425                           
   426     073E  120A  118A  26EE  120A  118A  	fcall	_lcd_init
   427     0743                     l733:
   428     0743  3001               	movlw	(low ((main@str-__stringbase)| (0+32768)))& (0+255)
   429     0744  00F4               	movwf	clcd_print@str
   430     0745  3080               	movlw	128
   431     0746  00F5               	movwf	clcd_print@addr
   432     0747  120A  118A  2719  120A  118A  	fcall	_clcd_print
   433     074C                     l735:
   434     074C  301E               	movlw	(low ((main@str1-__stringbase)| (0+32768)))& (0+255)
   435     074D  00F4               	movwf	clcd_print@str
   436     074E  30C0               	movlw	192
   437     074F  00F5               	movwf	clcd_print@addr
   438     0750  120A  118A  2719  120A  118A  	fcall	_clcd_print
   439     0755                     l17:
   440     0755  3004               	movlw	4
   441     0756  120A  118A  2768  120A  118A  	fcall	_lcd_left_scroll
   442     075B                     l737:
   443     075B  3041               	movlw	65
   444     075C  00FB               	movwf	??_main+1
   445     075D  30EE               	movlw	238
   446     075E  00FA               	movwf	??_main
   447     075F                     u117:
   448     075F  0BFA               	decfsz	??_main,f
   449     0760  2F5F               	goto	u117
   450     0761  0BFB               	decfsz	??_main+1,f
   451     0762  2F5F               	goto	u117
   452     0763  0000               	nop
   453     0764  2F55               	goto	l17
   454     0765  120A  118A  2800   	ljmp	start
   455     0768                     __end_of_main:
   456                           
   457                           	psect	text1
   458     0768                     __ptext1:	
   459 ;; *************** function _lcd_left_scroll *****************
   460 ;; Defined at:
   461 ;;		line 64 in file "lcd.c"
   462 ;; Parameters:    Size  Location     Type
   463 ;;  times           1    wreg     unsigned char 
   464 ;; Auto vars:     Size  Location     Type
   465 ;;  times           1    7[COMMON] unsigned char 
   466 ;;  i               2    8[COMMON] int 
   467 ;; Return value:  Size  Location     Type
   468 ;;                  1    wreg      void 
   469 ;; Registers used:
   470 ;;		wreg, status,2, status,0, pclath, cstack
   471 ;; Tracked objects:
   472 ;;		On entry : 0/0
   473 ;;		On exit  : 0/0
   474 ;;		Unchanged: 0/0
   475 ;; Data sizes:     COMMON   BANK0   BANK1   BANK3   BANK2
   476 ;;      Params:         0       0       0       0       0
   477 ;;      Locals:         3       0       0       0       0
   478 ;;      Temps:          3       0       0       0       0
   479 ;;      Totals:         6       0       0       0       0
   480 ;;Total ram usage:        6 bytes
   481 ;; Hardware stack levels used: 1
   482 ;; Hardware stack levels required when called: 1
   483 ;; This function calls:
   484 ;;		_clcd_write
   485 ;; This function is called by:
   486 ;;		_main
   487 ;; This function uses a non-reentrant model
   488 ;;
   489                           
   490     0768                     _lcd_left_scroll:	
   491                           ;psect for function _lcd_left_scroll
   492                           
   493                           
   494                           ;incstack = 0
   495                           ; Regs used in _lcd_left_scroll: [wreg+status,2+status,0+pclath+cstack]
   496                           ;lcd_left_scroll@times stored from wreg
   497     0768  00F7               	movwf	lcd_left_scroll@times
   498     0769                     l721:
   499                           
   500                           ;lcd.c: 64: void lcd_left_scroll(unsigned char times);lcd.c: 65: {;lcd.c: 66:     for(in
      +                          t i=0;i<times;i++)
   501     0769  01F8               	clrf	lcd_left_scroll@i
   502     076A  01F9               	clrf	lcd_left_scroll@i+1
   503     076B  2F86               	goto	l729
   504     076C                     l723:
   505                           
   506                           ;lcd.c: 67:     {;lcd.c: 68:         clcd_write(0x18,0);
   507     076C  01F0               	clrf	clcd_write@mode
   508     076D  3018               	movlw	24
   509     076E  120A  118A  26F9  120A  118A  	fcall	_clcd_write
   510     0773                     l725:
   511                           
   512                           ;lcd.c: 69:         _delay((unsigned long)((200)*(20000000/4000.0)));
   513     0773  3006               	movlw	6
   514     0774  00F6               	movwf	??_lcd_left_scroll+2
   515     0775  3013               	movlw	19
   516     0776  00F5               	movwf	??_lcd_left_scroll+1
   517     0777  30AD               	movlw	173
   518     0778  00F4               	movwf	??_lcd_left_scroll
   519     0779                     u127:
   520     0779  0BF4               	decfsz	??_lcd_left_scroll,f
   521     077A  2F79               	goto	u127
   522     077B  0BF5               	decfsz	??_lcd_left_scroll+1,f
   523     077C  2F79               	goto	u127
   524     077D  0BF6               	decfsz	??_lcd_left_scroll+2,f
   525     077E  2F79               	goto	u127
   526     077F  2F80               	nop2
   527     0780                     l727:
   528                           
   529                           ;lcd.c: 70:     }
   530     0780  3001               	movlw	1
   531     0781  07F8               	addwf	lcd_left_scroll@i,f
   532     0782  1803               	skipnc
   533     0783  0AF9               	incf	lcd_left_scroll@i+1,f
   534     0784  3000               	movlw	0
   535     0785  07F9               	addwf	lcd_left_scroll@i+1,f
   536     0786                     l729:
   537     0786  0879               	movf	lcd_left_scroll@i+1,w
   538     0787  3A80               	xorlw	128
   539     0788  00F4               	movwf	??_lcd_left_scroll
   540     0789  3080               	movlw	128
   541     078A  0274               	subwf	??_lcd_left_scroll,w
   542     078B  1D03               	skipz
   543     078C  2F8F               	goto	u95
   544     078D  0877               	movf	lcd_left_scroll@times,w
   545     078E  0278               	subwf	lcd_left_scroll@i,w
   546     078F                     u95:
   547     078F  1C03               	skipc
   548     0790  2F92               	goto	u91
   549     0791  2F93               	goto	u90
   550     0792                     u91:
   551     0792  2F6C               	goto	l723
   552     0793                     u90:
   553     0793                     l61:
   554     0793  0008               	return
   555     0794                     __end_of_lcd_left_scroll:
   556                           
   557                           	psect	text2
   558     06EE                     __ptext2:	
   559 ;; *************** function _lcd_init *****************
   560 ;; Defined at:
   561 ;;		line 37 in file "lcd.c"
   562 ;; Parameters:    Size  Location     Type
   563 ;;		None
   564 ;; Auto vars:     Size  Location     Type
   565 ;;		None
   566 ;; Return value:  Size  Location     Type
   567 ;;                  1    wreg      void 
   568 ;; Registers used:
   569 ;;		wreg, status,2, status,0, pclath, cstack
   570 ;; Tracked objects:
   571 ;;		On entry : 0/0
   572 ;;		On exit  : 0/0
   573 ;;		Unchanged: 0/0
   574 ;; Data sizes:     COMMON   BANK0   BANK1   BANK3   BANK2
   575 ;;      Params:         0       0       0       0       0
   576 ;;      Locals:         0       0       0       0       0
   577 ;;      Temps:          0       0       0       0       0
   578 ;;      Totals:         0       0       0       0       0
   579 ;;Total ram usage:        0 bytes
   580 ;; Hardware stack levels used: 1
   581 ;; Hardware stack levels required when called: 2
   582 ;; This function calls:
   583 ;;		_init_display
   584 ;; This function is called by:
   585 ;;		_main
   586 ;; This function uses a non-reentrant model
   587 ;;
   588                           
   589     06EE                     _lcd_init:	
   590                           ;psect for function _lcd_init
   591                           
   592     06EE                     l705:	
   593                           ;incstack = 0
   594                           ; Regs used in _lcd_init: [wreg+status,2+status,0+pclath+cstack]
   595                           
   596                           
   597                           ;lcd.c: 39:     TRISB =0x00;
   598     06EE  1683               	bsf	3,5	;RP0=1, select bank1
   599     06EF  1303               	bcf	3,6	;RP1=0, select bank1
   600     06F0  0186               	clrf	6	;volatile
   601     06F1                     l707:
   602                           
   603                           ;lcd.c: 40:     TRISC0=0;
   604     06F1  1007               	bcf	7,0	;volatile
   605     06F2                     l709:
   606                           
   607                           ;lcd.c: 41:     TRISC1=0;
   608     06F2  1087               	bcf	7,1	;volatile
   609     06F3                     l711:
   610                           
   611                           ;lcd.c: 42:     init_display();
   612     06F3  120A  118A  2794  120A  118A  	fcall	_init_display
   613     06F8                     l43:
   614     06F8  0008               	return
   615     06F9                     __end_of_lcd_init:
   616                           
   617                           	psect	text3
   618     0794                     __ptext3:	
   619 ;; *************** function _init_display *****************
   620 ;; Defined at:
   621 ;;		line 21 in file "lcd.c"
   622 ;; Parameters:    Size  Location     Type
   623 ;;		None
   624 ;; Auto vars:     Size  Location     Type
   625 ;;		None
   626 ;; Return value:  Size  Location     Type
   627 ;;                  1    wreg      void 
   628 ;; Registers used:
   629 ;;		wreg, status,2, status,0, pclath, cstack
   630 ;; Tracked objects:
   631 ;;		On entry : 0/0
   632 ;;		On exit  : 0/0
   633 ;;		Unchanged: 0/0
   634 ;; Data sizes:     COMMON   BANK0   BANK1   BANK3   BANK2
   635 ;;      Params:         0       0       0       0       0
   636 ;;      Locals:         0       0       0       0       0
   637 ;;      Temps:          3       0       0       0       0
   638 ;;      Totals:         3       0       0       0       0
   639 ;;Total ram usage:        3 bytes
   640 ;; Hardware stack levels used: 1
   641 ;; Hardware stack levels required when called: 1
   642 ;; This function calls:
   643 ;;		_clcd_write
   644 ;; This function is called by:
   645 ;;		_lcd_init
   646 ;; This function uses a non-reentrant model
   647 ;;
   648                           
   649     0794                     _init_display:	
   650                           ;psect for function _init_display
   651                           
   652     0794                     l685:	
   653                           ;incstack = 0
   654                           ; Regs used in _init_display: [wreg+status,2+status,0+pclath+cstack]
   655                           
   656                           
   657                           ;lcd.c: 23:     _delay((unsigned long)((30)*(20000000/4000.0)));
   658     0794  30C3               	movlw	195
   659     0795  00F5               	movwf	??_init_display+1
   660     0796  30CD               	movlw	205
   661     0797  00F4               	movwf	??_init_display
   662     0798                     u137:
   663     0798  0BF4               	decfsz	??_init_display,f
   664     0799  2F98               	goto	u137
   665     079A  0BF5               	decfsz	??_init_display+1,f
   666     079B  2F98               	goto	u137
   667     079C                     l687:
   668                           
   669                           ;lcd.c: 24:     clcd_write(0x30,0);
   670     079C  01F0               	clrf	clcd_write@mode
   671     079D  3030               	movlw	48
   672     079E  120A  118A  26F9  120A  118A  	fcall	_clcd_write
   673     07A3                     l689:
   674                           
   675                           ;lcd.c: 25:     _delay((unsigned long)((4100)*(20000000/4000.0)));
   676     07A3  3068               	movlw	104
   677     07A4  00F6               	movwf	??_init_display+2
   678     07A5  3000               	movlw	0
   679     07A6  00F5               	movwf	??_init_display+1
   680     07A7  3018               	movlw	24
   681     07A8  00F4               	movwf	??_init_display
   682     07A9                     u147:
   683     07A9  0BF4               	decfsz	??_init_display,f
   684     07AA  2FA9               	goto	u147
   685     07AB  0BF5               	decfsz	??_init_display+1,f
   686     07AC  2FA9               	goto	u147
   687     07AD  0BF6               	decfsz	??_init_display+2,f
   688     07AE  2FA9               	goto	u147
   689     07AF  2FB0               	nop2
   690     07B0  0000               	nop
   691                           
   692                           ;lcd.c: 26:     clcd_write(0x30,0);
   693     07B1  01F0               	clrf	clcd_write@mode
   694     07B2  3030               	movlw	48
   695     07B3  120A  118A  26F9  120A  118A  	fcall	_clcd_write
   696     07B8                     l691:
   697                           
   698                           ;lcd.c: 27:     _delay((unsigned long)((100)*(20000000/4000000.0)));
   699     07B8  30A6               	movlw	166
   700     07B9  00F4               	movwf	??_init_display
   701     07BA                     u157:
   702     07BA  0BF4               	decfsz	??_init_display,f
   703     07BB  2FBA               	goto	u157
   704     07BC  0000               	nop
   705     07BD                     l693:
   706                           
   707                           ;lcd.c: 28:     clcd_write(0x30,0);
   708     07BD  01F0               	clrf	clcd_write@mode
   709     07BE  3030               	movlw	48
   710     07BF  120A  118A  26F9  120A  118A  	fcall	_clcd_write
   711     07C4                     l695:
   712                           
   713                           ;lcd.c: 29:     _delay((unsigned long)((1)*(20000000/4000000.0)));
   714     07C4  2FC5               	nop2	;2 cycle nop
   715     07C5  2FC6               	nop2	;2 cycle nop
   716     07C6  0000               	nop
   717     07C7                     l697:
   718                           
   719                           ;lcd.c: 30:     clcd_write(0x38,0);
   720     07C7  01F0               	clrf	clcd_write@mode
   721     07C8  3038               	movlw	56
   722     07C9  120A  118A  26F9  120A  118A  	fcall	_clcd_write
   723     07CE                     l699:
   724                           
   725                           ;lcd.c: 31:     _delay((unsigned long)((500)*(20000000/4000000.0)));
   726     07CE  3004               	movlw	4
   727     07CF  00F5               	movwf	??_init_display+1
   728     07D0  303D               	movlw	61
   729     07D1  00F4               	movwf	??_init_display
   730     07D2                     u167:
   731     07D2  0BF4               	decfsz	??_init_display,f
   732     07D3  2FD2               	goto	u167
   733     07D4  0BF5               	decfsz	??_init_display+1,f
   734     07D5  2FD2               	goto	u167
   735     07D6  2FD7               	nop2
   736                           
   737                           ;lcd.c: 32:     clcd_write(0x0F,0);
   738     07D7  01F0               	clrf	clcd_write@mode
   739     07D8  300F               	movlw	15
   740     07D9  120A  118A  26F9  120A  118A  	fcall	_clcd_write
   741     07DE                     l701:
   742                           
   743                           ;lcd.c: 33:     _delay((unsigned long)((500)*(20000000/4000000.0)));
   744     07DE  3004               	movlw	4
   745     07DF  00F5               	movwf	??_init_display+1
   746     07E0  303D               	movlw	61
   747     07E1  00F4               	movwf	??_init_display
   748     07E2                     u177:
   749     07E2  0BF4               	decfsz	??_init_display,f
   750     07E3  2FE2               	goto	u177
   751     07E4  0BF5               	decfsz	??_init_display+1,f
   752     07E5  2FE2               	goto	u177
   753     07E6  2FE7               	nop2
   754     07E7                     l703:
   755                           
   756                           ;lcd.c: 34:     clcd_write(0x01,0);
   757     07E7  01F0               	clrf	clcd_write@mode
   758     07E8  3001               	movlw	1
   759     07E9  120A  118A  26F9  120A  118A  	fcall	_clcd_write
   760                           
   761                           ;lcd.c: 35:     _delay((unsigned long)((200)*(20000000/4000.0)));
   762     07EE  3006               	movlw	6
   763     07EF  00F6               	movwf	??_init_display+2
   764     07F0  3013               	movlw	19
   765     07F1  00F5               	movwf	??_init_display+1
   766     07F2  30AD               	movlw	173
   767     07F3  00F4               	movwf	??_init_display
   768     07F4                     u187:
   769     07F4  0BF4               	decfsz	??_init_display,f
   770     07F5  2FF4               	goto	u187
   771     07F6  0BF5               	decfsz	??_init_display+1,f
   772     07F7  2FF4               	goto	u187
   773     07F8  0BF6               	decfsz	??_init_display+2,f
   774     07F9  2FF4               	goto	u187
   775     07FA  2FFB               	nop2
   776     07FB                     l40:
   777     07FB  0008               	return
   778     07FC                     __end_of_init_display:
   779                           
   780                           	psect	text4
   781     0719                     __ptext4:	
   782 ;; *************** function _clcd_print *****************
   783 ;; Defined at:
   784 ;;		line 45 in file "lcd.c"
   785 ;; Parameters:    Size  Location     Type
   786 ;;  str             1    4[COMMON] PTR const unsigned char 
   787 ;;		 -> main@str1(9), main@str(29), 
   788 ;;  addr            1    5[COMMON] unsigned char 
   789 ;; Auto vars:     Size  Location     Type
   790 ;;		None
   791 ;; Return value:  Size  Location     Type
   792 ;;                  1    wreg      void 
   793 ;; Registers used:
   794 ;;		wreg, fsr0l, fsr0h, status,2, status,0, pclath, cstack
   795 ;; Tracked objects:
   796 ;;		On entry : 0/0
   797 ;;		On exit  : 0/0
   798 ;;		Unchanged: 0/0
   799 ;; Data sizes:     COMMON   BANK0   BANK1   BANK3   BANK2
   800 ;;      Params:         2       0       0       0       0
   801 ;;      Locals:         0       0       0       0       0
   802 ;;      Temps:          0       0       0       0       0
   803 ;;      Totals:         2       0       0       0       0
   804 ;;Total ram usage:        2 bytes
   805 ;; Hardware stack levels used: 1
   806 ;; Hardware stack levels required when called: 1
   807 ;; This function calls:
   808 ;;		_clcd_write
   809 ;; This function is called by:
   810 ;;		_main
   811 ;; This function uses a non-reentrant model
   812 ;;
   813                           
   814     0719                     _clcd_print:	
   815                           ;psect for function _clcd_print
   816                           
   817     0719                     l713:	
   818                           ;incstack = 0
   819                           ; Regs used in _clcd_print: [wreg-fsr0h+status,2+status,0+pclath+cstack]
   820                           
   821                           
   822                           ;lcd.c: 45: void clcd_print(const char *str,unsigned char addr);lcd.c: 46: {;lcd.c: 47: 
      +                              clcd_write(addr,0);
   823     0719  01F0               	clrf	clcd_write@mode
   824     071A  0875               	movf	clcd_print@addr,w
   825     071B  120A  118A  26F9  120A  118A  	fcall	_clcd_write
   826                           
   827                           ;lcd.c: 48:     while(*str)
   828     0720  2F31               	goto	l719
   829     0721                     l715:
   830                           
   831                           ;lcd.c: 49:     {;lcd.c: 50:         clcd_write(*str,1);
   832     0721  01F0               	clrf	clcd_write@mode
   833     0722  0AF0               	incf	clcd_write@mode,f
   834     0723  0874               	movf	clcd_print@str,w
   835     0724  0084               	movwf	4
   836     0725  120A  118A  2003  120A  118A  	fcall	stringdir
   837     072A  120A  118A  26F9  120A  118A  	fcall	_clcd_write
   838     072F                     l717:
   839                           
   840                           ;lcd.c: 51:         str++;
   841     072F  3001               	movlw	1
   842     0730  07F4               	addwf	clcd_print@str,f
   843     0731                     l719:
   844                           
   845                           ;lcd.c: 48:     while(*str)
   846     0731  0874               	movf	clcd_print@str,w
   847     0732  0084               	movwf	4
   848     0733  120A  118A  2003  120A  118A  	fcall	stringdir
   849     0738  3A00               	xorlw	0
   850     0739  1D03               	skipz
   851     073A  2F3C               	goto	u81
   852     073B  2F3D               	goto	u80
   853     073C                     u81:
   854     073C  2F21               	goto	l715
   855     073D                     u80:
   856     073D                     l49:
   857     073D  0008               	return
   858     073E                     __end_of_clcd_print:
   859                           
   860                           	psect	text5
   861     06F9                     __ptext5:	
   862 ;; *************** function _clcd_write *****************
   863 ;; Defined at:
   864 ;;		line 11 in file "lcd.c"
   865 ;; Parameters:    Size  Location     Type
   866 ;;  byte            1    wreg     unsigned char 
   867 ;;  mode            1    0[COMMON] unsigned char 
   868 ;; Auto vars:     Size  Location     Type
   869 ;;  byte            1    3[COMMON] unsigned char 
   870 ;; Return value:  Size  Location     Type
   871 ;;                  1    wreg      void 
   872 ;; Registers used:
   873 ;;		wreg
   874 ;; Tracked objects:
   875 ;;		On entry : 0/0
   876 ;;		On exit  : 0/0
   877 ;;		Unchanged: 0/0
   878 ;; Data sizes:     COMMON   BANK0   BANK1   BANK3   BANK2
   879 ;;      Params:         1       0       0       0       0
   880 ;;      Locals:         1       0       0       0       0
   881 ;;      Temps:          2       0       0       0       0
   882 ;;      Totals:         4       0       0       0       0
   883 ;;Total ram usage:        4 bytes
   884 ;; Hardware stack levels used: 1
   885 ;; This function calls:
   886 ;;		Nothing
   887 ;; This function is called by:
   888 ;;		_init_display
   889 ;;		_clcd_print
   890 ;;		_lcd_left_scroll
   891 ;;		_lcd_right_scroll
   892 ;; This function uses a non-reentrant model
   893 ;;
   894                           
   895     06F9                     _clcd_write:	
   896                           ;psect for function _clcd_write
   897                           
   898                           
   899                           ;incstack = 0
   900                           ; Regs used in _clcd_write: [wreg]
   901                           ;clcd_write@byte stored from wreg
   902     06F9  00F3               	movwf	clcd_write@byte
   903     06FA                     l677:
   904                           
   905                           ;lcd.c: 11: static void clcd_write(unsigned char byte,unsigned char mode);lcd.c: 12: {;l
      +                          cd.c: 13:     RC0 = mode;
   906     06FA  1870               	btfsc	clcd_write@mode,0
   907     06FB  2EFD               	goto	u61
   908     06FC  2F01               	goto	u60
   909     06FD                     u61:
   910     06FD  1283               	bcf	3,5	;RP0=0, select bank0
   911     06FE  1303               	bcf	3,6	;RP1=0, select bank0
   912     06FF  1407               	bsf	7,0	;volatile
   913     0700  2F04               	goto	u74
   914     0701                     u60:
   915     0701  1283               	bcf	3,5	;RP0=0, select bank0
   916     0702  1303               	bcf	3,6	;RP1=0, select bank0
   917     0703  1007               	bcf	7,0	;volatile
   918     0704                     u74:
   919     0704                     l679:
   920                           
   921                           ;lcd.c: 14:     PORTB = byte;
   922     0704  0873               	movf	clcd_write@byte,w
   923     0705  0086               	movwf	6	;volatile
   924     0706                     l681:
   925                           
   926                           ;lcd.c: 15:     RC1 = 1;
   927     0706  1487               	bsf	7,1	;volatile
   928                           
   929                           ;lcd.c: 16:     _delay((unsigned long)((100)*(20000000/4000000.0)));
   930     0707  30A6               	movlw	166
   931     0708  00F1               	movwf	??_clcd_write
   932     0709                     u197:
   933     0709  0BF1               	decfsz	??_clcd_write,f
   934     070A  2F09               	goto	u197
   935     070B  0000               	nop
   936     070C                     l683:
   937                           
   938                           ;lcd.c: 17:     RC1=0;
   939     070C  1283               	bcf	3,5	;RP0=0, select bank0
   940     070D  1303               	bcf	3,6	;RP1=0, select bank0
   941     070E  1087               	bcf	7,1	;volatile
   942                           
   943                           ;lcd.c: 19:     _delay((unsigned long)((4100)*(20000000/4000000.0)));
   944     070F  301B               	movlw	27
   945     0710  00F2               	movwf	??_clcd_write+1
   946     0711  309E               	movlw	158
   947     0712  00F1               	movwf	??_clcd_write
   948     0713                     u207:
   949     0713  0BF1               	decfsz	??_clcd_write,f
   950     0714  2F13               	goto	u207
   951     0715  0BF2               	decfsz	??_clcd_write+1,f
   952     0716  2F13               	goto	u207
   953     0717  0000               	nop
   954     0718                     l37:
   955     0718  0008               	return
   956     0719                     __end_of_clcd_write:
   957     0002                     ___latbits      equ	2
   958     007E                     btemp           set	126	;btemp
   959     007E                     btemp0          set	126
   960     007F                     btemp1          set	127
   961     007E                     wtemp0          set	126
   962     007F                     wtemp0a         set	127
   963     007F                     ttemp0a         set	127
   964     0080                     ltemp0a         set	128
   965                           
   966                           	psect	idloc
   967                           
   968                           ;Config register IDLOC0 @ 0x2000
   969                           ;	unspecified, using default values
   970     2000                     	org	8192
   971     2000  3FFF               	dw	16383
   972                           
   973                           ;Config register IDLOC1 @ 0x2001
   974                           ;	unspecified, using default values
   975     2001                     	org	8193
   976     2001  3FFF               	dw	16383
   977                           
   978                           ;Config register IDLOC2 @ 0x2002
   979                           ;	unspecified, using default values
   980     2002                     	org	8194
   981     2002  3FFF               	dw	16383
   982                           
   983                           ;Config register IDLOC3 @ 0x2003
   984                           ;	unspecified, using default values
   985     2003                     	org	8195
   986     2003  3FFF               	dw	16383
   987                           
   988                           	psect	config
   989                           
   990                           ;Config register CONFIG @ 0x2007
   991                           ;	Oscillator Selection bits
   992                           ;	FOSC = 0x3, unprogrammed default
   993                           ;	Watchdog Timer Enable bit
   994                           ;	WDTE = OFF, WDT disabled
   995                           ;	Power-up Timer Enable bit
   996                           ;	PWRTE = 0x1, unprogrammed default
   997                           ;	Brown-out Reset Enable bit
   998                           ;	BOREN = 0x1, unprogrammed default
   999                           ;	Low-Voltage (Single-Supply) In-Circuit Serial Programming Enable bit
  1000                           ;	LVP = 0x1, unprogrammed default
  1001                           ;	Data EEPROM Memory Code Protection bit
  1002                           ;	CPD = 0x1, unprogrammed default
  1003                           ;	Flash Program Memory Write Enable bits
  1004                           ;	WRT = 0x3, unprogrammed default
  1005                           ;	In-Circuit Debugger Mode bit
  1006                           ;	DEBUG = 0x1, unprogrammed default
  1007                           ;	Flash Program Memory Code Protection bit
  1008                           ;	CP = 0x1, unprogrammed default
  1009     2007                     	org	8199
  1010     2007  3FFB               	dw	16379

Data Sizes:
    Strings     0
    Constant    38
    Data        0
    BSS         0
    Persistent  0
    Stack       0

Auto Spaces:
    Space          Size  Autos    Used
    COMMON           14     12      12
    BANK0            80      0       0
    BANK1            80      0       0
    BANK3            96      0       0
    BANK2            96      0       0

Pointer List with Targets:

    clcd_print@str	PTR const unsigned char  size(1) Largest target is 29
		 -> main@str(CODE[29]), main@str1(CODE[9]), 


Critical Paths under _main in COMMON

    _main->_lcd_left_scroll
    _lcd_left_scroll->_clcd_write
    _lcd_init->_init_display
    _init_display->_clcd_write
    _clcd_print->_clcd_write

Critical Paths under _main in BANK0

    None.

Critical Paths under _main in BANK1

    None.

Critical Paths under _main in BANK3

    None.

Critical Paths under _main in BANK2

    None.

Call Graph Tables:

 ---------------------------------------------------------------------------------
 (Depth) Function   	        Calls       Base Space   Used Autos Params    Refs
 ---------------------------------------------------------------------------------
 (0) _main                                                 2     2      0     307
                                             10 COMMON     2     2      0
                         _clcd_print
                           _lcd_init
                    _lcd_left_scroll
 ---------------------------------------------------------------------------------
 (1) _lcd_left_scroll                                      6     6      0     114
                                              4 COMMON     6     6      0
                         _clcd_write
 ---------------------------------------------------------------------------------
 (1) _lcd_init                                             0     0      0      61
                       _init_display
 ---------------------------------------------------------------------------------
 (2) _init_display                                         3     3      0      61
                                              4 COMMON     3     3      0
                         _clcd_write
 ---------------------------------------------------------------------------------
 (1) _clcd_print                                           2     0      2     132
                                              4 COMMON     2     0      2
                         _clcd_write
 ---------------------------------------------------------------------------------
 (3) _clcd_write                                           4     3      1      61
                                              0 COMMON     4     3      1
 ---------------------------------------------------------------------------------
 Estimated maximum stack depth 3
 ---------------------------------------------------------------------------------

 Call Graph Graphs:

 _main (ROOT)
   _clcd_print
     _clcd_write
   _lcd_init
     _init_display
       _clcd_write
   _lcd_left_scroll
     _clcd_write

Address spaces:
Name               Size   Autos  Total    Usage
BITCOMMON           14      0       0      0.0%
BITBANK0            80      0       0      0.0%
BITBANK1            80      0       0      0.0%
BITBANK3            96      0       0      0.0%
BITBANK2            96      0       0      0.0%
COMMON              14     12      12     85.7%
BANK0               80      0       0      0.0%
BANK1               80      0       0      0.0%
BANK3               96      0       0      0.0%
BANK2               96      0       0      0.0%
STACK                0      0       0      0.0%
DATA                 0      0      12      0.0%


Microchip Technology PIC Macro Assembler V3.10 build 20250813170317 
Symbol Table                                                                                   Tue Oct  6 20:23:17 2026

                      pc 0002           clcd_print@addr 0075                       l40 07FB  
                     l17 0755                       l43 06F8                       l37 0718  
                     l61 0793                       l49 073D                       u60 0701  
                     u61 06FD                       u80 073D                       u81 073C  
                     u74 0704                       u90 0793                       u91 0792  
                     u95 078F                       fsr 0004                      l701 07DE  
                    l703 07E7                      l711 06F3                      l713 0719  
                    l705 06EE                      l721 0769                      l715 0721  
                    l707 06F1                      l723 076C                      l731 073E  
                    l717 072F                      l709 06F2                      l725 0773  
                    l733 0743                      l719 0731                      l727 0780  
                    l735 074C                      l681 0706                      l729 0786  
                    l737 075B                      l683 070C                      l691 07B8  
                    l677 06FA                      l693 07BD                      l685 0794  
                    l679 0704                      l695 07C4                      l687 079C  
                    l697 07C7                      l689 07A3                      l699 07CE  
                    _RC0 0038                      _RC1 0039                      u117 075F  
                    u207 0713                      u127 0779                      u137 0798  
                    u147 07A9                      u157 07BA                      u167 07D2  
                    u177 07E2                      u187 07F4                      u197 0709  
                    fsr0 0004                     _main 073E                     btemp 007E  
                   start 0000           clcd_write@byte 0073           clcd_write@mode 0070  
                  ?_main 0070                    _PORTB 0006                    _TRISB 0086  
                  btemp0 007E                    btemp1 007F                    pclath 000A  
                  status 0003                    wtemp0 007E          __end_ofmain@str 0026  
        __initialization 07FC             __end_of_main 0768                   ??_main 007A  
          ?_init_display 0070     lcd_left_scroll@times 0077                   _TRISC0 0438  
                 _TRISC1 0439         __end_of_lcd_init 06F9                   ltemp0a 0080  
                 ttemp0a 007F                   wtemp0a 007F         __end_ofmain@str1 002F  
         ??_init_display 0074  __end_of__initialization 07FC           __pcstackCOMMON 0070  
             _clcd_print 0719               _clcd_write 06F9               __pmaintext 073E  
              ?_lcd_init 0070               __stringtab 0003     __end_of_init_display 07FC  
                __ptext1 0768                  __ptext2 06EE                  __ptext3 0794  
                __ptext4 0719                  __ptext5 06F9        ??_lcd_left_scroll 0074  
             ??_lcd_init 0077                  main@str 0009     end_of_initialization 07FC  
            ?_clcd_print 0074              ?_clcd_write 0070            clcd_print@str 0074  
    start_initialization 07FC                ___latbits 0002             _init_display 0794  
        _lcd_left_scroll 0768                __pstrings 0003             ??_clcd_print 0076  
           ??_clcd_write 0071              __stringbase 0008       __end_of_clcd_print 073E  
     __end_of_clcd_write 0719  __end_of_lcd_left_scroll 0794       __end_of__stringtab 0009  
               _lcd_init 06EE                 main@str1 0026         lcd_left_scroll@i 0078  
              stringcode 0003         ?_lcd_left_scroll 0070                 stringdir 0003  
               stringtab 0003  
