

Microchip MPLAB XC8 Assembler V3.10 build 20250813170317 
                                                                                               Tue Sep 29 20:14:30 2026

Microchip MPLAB XC8 C Compiler v3.10 (Free license) build 20250813170317 Og1 
     1                           	processor	16F877A
     2                           	pagewidth 120
     3                           	opt	flic
     4                           	psect	idataCOMMON,global,class=CODE,space=0,delta=2,noexec
     5                           	psect	cinit,global,class=CODE,space=0,merge=1,delta=2
     6                           	psect	dataCOMMON,global,class=COMMON,space=1,delta=1,noexec
     7                           	psect	cstackCOMMON,global,class=COMMON,space=1,delta=1,noexec
     8                           	psect	maintext,global,class=CODE,space=0,split=1,delta=2
     9                           	psect	text1,local,class=CODE,space=0,merge=1,delta=2
    10                           	psect	text2,local,class=CODE,space=0,merge=1,delta=2
    11                           	psect	text3,local,class=CODE,space=0,merge=1,delta=2
    12                           	psect	idloc,global,abs,ovrld,class=IDLOC,space=5,delta=2,noexec
    13                           	psect	config,global,abs,ovrld,class=CONFIG,space=4,delta=2,noexec
    14                           	dabs	1,0x7E,2
    15     0000                     
    16                           ; Version 2.20
    17                           ; Generated 12/02/2020 GMT
    18                           ; 
    19                           ; Copyright © 2020, Microchip Technology Inc. and its subsidiaries ("Microchip")
    20                           ; All rights reserved.
    21                           ; 
    22                           ; This software is developed by Microchip Technology Inc. and its subsidiaries ("Microch
      +                          ip").
    23                           ; 
    24                           ; Redistribution and use in source and binary forms, with or without modification, are
    25                           ; permitted provided that the following conditions are met:
    26                           ; 
    27                           ;     1. Redistributions of source code must retain the above copyright notice, this lis
      +                          t of
    28                           ;        conditions and the following disclaimer.
    29                           ; 
    30                           ;     2. Redistributions in binary form must reproduce the above copyright notice, this 
      +                          list
    31                           ;        of conditions and the following disclaimer in the documentation and/or other
    32                           ;        materials provided with the distribution.
    33                           ; 
    34                           ;     3. Microchip's name may not be used to endorse or promote products derived from th
      +                          is
    35                           ;        software without specific prior written permission.
    36                           ; 
    37                           ; THIS SOFTWARE IS PROVIDED BY MICROCHIP "AS IS" AND ANY EXPRESS OR IMPLIED WARRANTIES,
    38                           ; INCLUDING, BUT NOT LIMITED TO, THE IMPLIED WARRANTIES OF MERCHANTABILITY AND FITNESS F
      +                          OR
    39                           ; PURPOSE ARE DISCLAIMED.  IN NO EVENT SHALL MICROCHIP BE LIABLE FOR ANY DIRECT, INDIREC
      +                          T,
    40                           ; INCIDENTAL, SPECIAL, EXEMPLARY, OR CONSEQUENTIAL DAMAGES (INCLUDING BUT NOT LIMITED TO
    41                           ; PROCUREMENT OF SUBSTITUTE GOODS OR SERVICES; LOSS OF USE, DATA OR PROFITS; OR BUSINESS
    42                           ; INTERRUPTION) HOWSOEVER CAUSED AND ON ANY THEORY OF LIABILITY, WHETHER IN CONTRACT, ST
      +                          RICT
    43                           ; LIABILITY, OR TORT (INCLUDING NEGLIGENCE OR OTHERWISE) ARISING IN ANY WAY OUT OF THE U
      +                          SE OF
    44                           ; THIS SOFTWARE, EVEN IF ADVISED OF THE POSSIBILITY OF SUCH DAMAGE.
    45                           ; 
    46                           ; 
    47                           ; Code-generator required, PIC16F877A Definitions
    48                           ; 
    49                           ; SFR Addresses
    50     0004                     fsr             equ	4
    51     0004                     fsr0            equ	4
    52     0000                     indf            equ	0
    53     0000                     indf0           equ	0
    54     0002                     pc              equ	2
    55     0002                     pcl             equ	2
    56     000A                     pclath          equ	10
    57     0003                     status          equ	3
    58     0000                     INDF            equ	0	;# 
    59     0001                     TMR0            equ	1	;# 
    60     0002                     PCL             equ	2	;# 
    61     0003                     STATUS          equ	3	;# 
    62     0004                     FSR             equ	4	;# 
    63     0005                     PORTA           equ	5	;# 
    64     0006                     PORTB           equ	6	;# 
    65     0007                     PORTC           equ	7	;# 
    66     0008                     PORTD           equ	8	;# 
    67     0009                     PORTE           equ	9	;# 
    68     000A                     PCLATH          equ	10	;# 
    69     000B                     INTCON          equ	11	;# 
    70     000C                     PIR1            equ	12	;# 
    71     000D                     PIR2            equ	13	;# 
    72     000E                     TMR1            equ	14	;# 
    73     000E                     TMR1L           equ	14	;# 
    74     000F                     TMR1H           equ	15	;# 
    75     0010                     T1CON           equ	16	;# 
    76     0011                     TMR2            equ	17	;# 
    77     0012                     T2CON           equ	18	;# 
    78     0013                     SSPBUF          equ	19	;# 
    79     0014                     SSPCON          equ	20	;# 
    80     0015                     CCPR1           equ	21	;# 
    81     0015                     CCPR1L          equ	21	;# 
    82     0016                     CCPR1H          equ	22	;# 
    83     0017                     CCP1CON         equ	23	;# 
    84     0018                     RCSTA           equ	24	;# 
    85     0019                     TXREG           equ	25	;# 
    86     001A                     RCREG           equ	26	;# 
    87     001B                     CCPR2           equ	27	;# 
    88     001B                     CCPR2L          equ	27	;# 
    89     001C                     CCPR2H          equ	28	;# 
    90     001D                     CCP2CON         equ	29	;# 
    91     001E                     ADRESH          equ	30	;# 
    92     001F                     ADCON0          equ	31	;# 
    93     0081                     OPTION_REG      equ	129	;# 
    94     0085                     TRISA           equ	133	;# 
    95     0086                     TRISB           equ	134	;# 
    96     0087                     TRISC           equ	135	;# 
    97     0088                     TRISD           equ	136	;# 
    98     0089                     TRISE           equ	137	;# 
    99     008C                     PIE1            equ	140	;# 
   100     008D                     PIE2            equ	141	;# 
   101     008E                     PCON            equ	142	;# 
   102     0091                     SSPCON2         equ	145	;# 
   103     0092                     PR2             equ	146	;# 
   104     0093                     SSPADD          equ	147	;# 
   105     0094                     SSPSTAT         equ	148	;# 
   106     0098                     TXSTA           equ	152	;# 
   107     0099                     SPBRG           equ	153	;# 
   108     009C                     CMCON           equ	156	;# 
   109     009D                     CVRCON          equ	157	;# 
   110     009E                     ADRESL          equ	158	;# 
   111     009F                     ADCON1          equ	159	;# 
   112     010C                     EEDATA          equ	268	;# 
   113     010D                     EEADR           equ	269	;# 
   114     010E                     EEDATH          equ	270	;# 
   115     010F                     EEADRH          equ	271	;# 
   116     018C                     EECON1          equ	396	;# 
   117     018D                     EECON2          equ	397	;# 
   118     0000                     INDF            equ	0	;# 
   119     0001                     TMR0            equ	1	;# 
   120     0002                     PCL             equ	2	;# 
   121     0003                     STATUS          equ	3	;# 
   122     0004                     FSR             equ	4	;# 
   123     0005                     PORTA           equ	5	;# 
   124     0006                     PORTB           equ	6	;# 
   125     0007                     PORTC           equ	7	;# 
   126     0008                     PORTD           equ	8	;# 
   127     0009                     PORTE           equ	9	;# 
   128     000A                     PCLATH          equ	10	;# 
   129     000B                     INTCON          equ	11	;# 
   130     000C                     PIR1            equ	12	;# 
   131     000D                     PIR2            equ	13	;# 
   132     000E                     TMR1            equ	14	;# 
   133     000E                     TMR1L           equ	14	;# 
   134     000F                     TMR1H           equ	15	;# 
   135     0010                     T1CON           equ	16	;# 
   136     0011                     TMR2            equ	17	;# 
   137     0012                     T2CON           equ	18	;# 
   138     0013                     SSPBUF          equ	19	;# 
   139     0014                     SSPCON          equ	20	;# 
   140     0015                     CCPR1           equ	21	;# 
   141     0015                     CCPR1L          equ	21	;# 
   142     0016                     CCPR1H          equ	22	;# 
   143     0017                     CCP1CON         equ	23	;# 
   144     0018                     RCSTA           equ	24	;# 
   145     0019                     TXREG           equ	25	;# 
   146     001A                     RCREG           equ	26	;# 
   147     001B                     CCPR2           equ	27	;# 
   148     001B                     CCPR2L          equ	27	;# 
   149     001C                     CCPR2H          equ	28	;# 
   150     001D                     CCP2CON         equ	29	;# 
   151     001E                     ADRESH          equ	30	;# 
   152     001F                     ADCON0          equ	31	;# 
   153     0081                     OPTION_REG      equ	129	;# 
   154     0085                     TRISA           equ	133	;# 
   155     0086                     TRISB           equ	134	;# 
   156     0087                     TRISC           equ	135	;# 
   157     0088                     TRISD           equ	136	;# 
   158     0089                     TRISE           equ	137	;# 
   159     008C                     PIE1            equ	140	;# 
   160     008D                     PIE2            equ	141	;# 
   161     008E                     PCON            equ	142	;# 
   162     0091                     SSPCON2         equ	145	;# 
   163     0092                     PR2             equ	146	;# 
   164     0093                     SSPADD          equ	147	;# 
   165     0094                     SSPSTAT         equ	148	;# 
   166     0098                     TXSTA           equ	152	;# 
   167     0099                     SPBRG           equ	153	;# 
   168     009C                     CMCON           equ	156	;# 
   169     009D                     CVRCON          equ	157	;# 
   170     009E                     ADRESL          equ	158	;# 
   171     009F                     ADCON1          equ	159	;# 
   172     010C                     EEDATA          equ	268	;# 
   173     010D                     EEADR           equ	269	;# 
   174     010E                     EEDATH          equ	270	;# 
   175     010F                     EEADRH          equ	271	;# 
   176     018C                     EECON1          equ	396	;# 
   177     018D                     EECON2          equ	397	;# 
   178     0000                     INDF            equ	0	;# 
   179     0001                     TMR0            equ	1	;# 
   180     0002                     PCL             equ	2	;# 
   181     0003                     STATUS          equ	3	;# 
   182     0004                     FSR             equ	4	;# 
   183     0005                     PORTA           equ	5	;# 
   184     0006                     PORTB           equ	6	;# 
   185     0007                     PORTC           equ	7	;# 
   186     0008                     PORTD           equ	8	;# 
   187     0009                     PORTE           equ	9	;# 
   188     000A                     PCLATH          equ	10	;# 
   189     000B                     INTCON          equ	11	;# 
   190     000C                     PIR1            equ	12	;# 
   191     000D                     PIR2            equ	13	;# 
   192     000E                     TMR1            equ	14	;# 
   193     000E                     TMR1L           equ	14	;# 
   194     000F                     TMR1H           equ	15	;# 
   195     0010                     T1CON           equ	16	;# 
   196     0011                     TMR2            equ	17	;# 
   197     0012                     T2CON           equ	18	;# 
   198     0013                     SSPBUF          equ	19	;# 
   199     0014                     SSPCON          equ	20	;# 
   200     0015                     CCPR1           equ	21	;# 
   201     0015                     CCPR1L          equ	21	;# 
   202     0016                     CCPR1H          equ	22	;# 
   203     0017                     CCP1CON         equ	23	;# 
   204     0018                     RCSTA           equ	24	;# 
   205     0019                     TXREG           equ	25	;# 
   206     001A                     RCREG           equ	26	;# 
   207     001B                     CCPR2           equ	27	;# 
   208     001B                     CCPR2L          equ	27	;# 
   209     001C                     CCPR2H          equ	28	;# 
   210     001D                     CCP2CON         equ	29	;# 
   211     001E                     ADRESH          equ	30	;# 
   212     001F                     ADCON0          equ	31	;# 
   213     0081                     OPTION_REG      equ	129	;# 
   214     0085                     TRISA           equ	133	;# 
   215     0086                     TRISB           equ	134	;# 
   216     0087                     TRISC           equ	135	;# 
   217     0088                     TRISD           equ	136	;# 
   218     0089                     TRISE           equ	137	;# 
   219     008C                     PIE1            equ	140	;# 
   220     008D                     PIE2            equ	141	;# 
   221     008E                     PCON            equ	142	;# 
   222     0091                     SSPCON2         equ	145	;# 
   223     0092                     PR2             equ	146	;# 
   224     0093                     SSPADD          equ	147	;# 
   225     0094                     SSPSTAT         equ	148	;# 
   226     0098                     TXSTA           equ	152	;# 
   227     0099                     SPBRG           equ	153	;# 
   228     009C                     CMCON           equ	156	;# 
   229     009D                     CVRCON          equ	157	;# 
   230     009E                     ADRESL          equ	158	;# 
   231     009F                     ADCON1          equ	159	;# 
   232     010C                     EEDATA          equ	268	;# 
   233     010D                     EEADR           equ	269	;# 
   234     010E                     EEDATH          equ	270	;# 
   235     010F                     EEADRH          equ	271	;# 
   236     018C                     EECON1          equ	396	;# 
   237     018D                     EECON2          equ	397	;# 
   238                           
   239                           	psect	idataCOMMON
   240     079F                     __pidataCOMMON:
   241                           
   242                           ;initializer for read_digital_keypad@once
   243     079F  3401               	retlw	1
   244     0006                     _PORTB          set	6
   245     0008                     _PORTD          set	8
   246     0086                     _TRISB          set	134
   247     0088                     _TRISD          set	136
   248                           
   249                           	psect	cinit
   250     07F6                     start_initialization:	
   251                           ; #config settings
   252                           
   253     07F6                     __initialization:
   254                           
   255                           ; Initialize objects allocated to COMMON
   256     07F6  120A  118A  279F  120A  118A  	fcall	__pidataCOMMON	;fetch initializer
   257     07FB  00F3               	movwf	__pdataCOMMON& (0+127)
   258     07FC                     end_of_initialization:	
   259                           ;End of C runtime variable initialization code
   260                           
   261     07FC                     __end_of__initialization:
   262     07FC  0183               	clrf	3
   263     07FD  120A  118A  2FB2   	ljmp	_main	;jump to C main() function
   264                           
   265                           	psect	dataCOMMON
   266     0073                     __pdataCOMMON:
   267     0073                     read_digital_keypad@once:
   268     0073                     	ds	1
   269                           
   270                           	psect	cstackCOMMON
   271     0070                     __pcstackCOMMON:
   272     0070                     ?_init_digital_keypad:
   273     0070                     ?_read_digital_keypad:	
   274                           ; 1 bytes @ 0x0
   275                           
   276     0070                     ?_init_config:	
   277                           ; 1 bytes @ 0x0
   278                           
   279     0070                     ?_main:	
   280                           ; 1 bytes @ 0x0
   281                           
   282     0070                     ??_init_digital_keypad:	
   283                           ; 1 bytes @ 0x0
   284                           
   285     0070                     ??_read_digital_keypad:	
   286                           ; 1 bytes @ 0x0
   287                           
   288     0070                     ??_init_config:	
   289                           ; 1 bytes @ 0x0
   290                           
   291                           
   292                           ; 1 bytes @ 0x0
   293     0070                     	ds	1
   294     0071                     read_digital_keypad@mode:
   295                           
   296                           ; 1 bytes @ 0x1
   297     0071                     	ds	1
   298     0072                     main@key:
   299     0072                     ??_main:	
   300                           ; 1 bytes @ 0x2
   301                           
   302                           
   303                           ; 1 bytes @ 0x2
   304     0072                     	ds	1
   305                           
   306                           	psect	maintext
   307     07B2                     __pmaintext:	
   308 ;;
   309 ;;Main: autosize = 0, tempsize = 0, incstack = 0, save=0
   310 ;;
   311 ;; *************** function _main *****************
   312 ;; Defined at:
   313 ;;		line 18 in file "main.c"
   314 ;; Parameters:    Size  Location     Type
   315 ;;		None
   316 ;; Auto vars:     Size  Location     Type
   317 ;;  key             1    2[COMMON] unsigned char 
   318 ;; Return value:  Size  Location     Type
   319 ;;                  1    wreg      void 
   320 ;; Registers used:
   321 ;;		wreg, status,2, status,0, pclath, cstack
   322 ;; Tracked objects:
   323 ;;		On entry : B00/0
   324 ;;		On exit  : 0/0
   325 ;;		Unchanged: 0/0
   326 ;; Data sizes:     COMMON   BANK0   BANK1   BANK3   BANK2
   327 ;;      Params:         0       0       0       0       0
   328 ;;      Locals:         1       0       0       0       0
   329 ;;      Temps:          0       0       0       0       0
   330 ;;      Totals:         1       0       0       0       0
   331 ;;Total ram usage:        1 bytes
   332 ;; Hardware stack levels required when called: 2
   333 ;; This function calls:
   334 ;;		_init_config
   335 ;;		_read_digital_keypad
   336 ;; This function is called by:
   337 ;;		Startup code after reset
   338 ;; This function uses a non-reentrant model
   339 ;;
   340                           
   341     07B2                     _main:	
   342                           ;psect for function _main
   343                           
   344     07B2                     l615:	
   345                           ;incstack = 0
   346                           ; Regs used in _main: [wreg+status,2+status,0+pclath+cstack]
   347                           
   348                           
   349                           ;main.c: 19:     };main.c: 21: }
   350     07B2  120A  118A  27A6  120A  118A  	fcall	_init_config
   351     07B7                     l16:
   352     07B7  3000               	movlw	0
   353     07B8  120A  118A  27CC  120A  118A  	fcall	_read_digital_keypad
   354     07BD  00F2               	movwf	main@key
   355     07BE                     l617:
   356     07BE  303F               	movlw	63
   357     07BF  0672               	xorwf	main@key,w
   358     07C0  1903               	btfsc	3,2
   359     07C1  2FC3               	goto	u51
   360     07C2  2FC4               	goto	u50
   361     07C3                     u51:
   362     07C3  2FB7               	goto	l16
   363     07C4                     u50:
   364     07C4                     l619:
   365     07C4  0872               	movf	main@key,w
   366     07C5  1283               	bcf	3,5	;RP0=0, select bank0
   367     07C6  1303               	bcf	3,6	;RP1=0, select bank0
   368     07C7  0088               	movwf	8	;volatile
   369     07C8  2FB7               	goto	l16
   370     07C9  120A  118A  2800   	ljmp	start
   371     07CC                     __end_of_main:
   372                           
   373                           	psect	text1
   374     07CC                     __ptext1:	
   375 ;; *************** function _read_digital_keypad *****************
   376 ;; Defined at:
   377 ;;		line 10 in file "digital_keypad.c"
   378 ;; Parameters:    Size  Location     Type
   379 ;;  mode            1    wreg     unsigned char 
   380 ;; Auto vars:     Size  Location     Type
   381 ;;  mode            1    1[COMMON] unsigned char 
   382 ;; Return value:  Size  Location     Type
   383 ;;                  1    wreg      unsigned char 
   384 ;; Registers used:
   385 ;;		wreg, status,2, status,0
   386 ;; Tracked objects:
   387 ;;		On entry : 0/0
   388 ;;		On exit  : 0/0
   389 ;;		Unchanged: 0/0
   390 ;; Data sizes:     COMMON   BANK0   BANK1   BANK3   BANK2
   391 ;;      Params:         0       0       0       0       0
   392 ;;      Locals:         1       0       0       0       0
   393 ;;      Temps:          1       0       0       0       0
   394 ;;      Totals:         2       0       0       0       0
   395 ;;Total ram usage:        2 bytes
   396 ;; Hardware stack levels used: 1
   397 ;; This function calls:
   398 ;;		Nothing
   399 ;; This function is called by:
   400 ;;		_main
   401 ;; This function uses a non-reentrant model
   402 ;;
   403                           
   404     07CC                     _read_digital_keypad:	
   405                           ;psect for function _read_digital_keypad
   406                           
   407                           
   408                           ;incstack = 0
   409                           ; Regs used in _read_digital_keypad: [wreg+status,2+status,0]
   410                           ;read_digital_keypad@mode stored from wreg
   411     07CC  00F1               	movwf	read_digital_keypad@mode
   412     07CD                     l587:
   413                           
   414                           ;digital_keypad.c: 10: unsigned char read_digital_keypad(unsigned char mode);digital_key
      +                          pad.c: 11: {;digital_keypad.c: 12:     static unsigned char once = 1;;digital_keypad.c: 
      +                          14:     if (mode == 0)
   415     07CD  0871               	movf	read_digital_keypad@mode,w
   416     07CE  1D03               	btfss	3,2
   417     07CF  2FD1               	goto	u11
   418     07D0  2FD2               	goto	u10
   419     07D1                     u11:
   420     07D1  2FD7               	goto	l595
   421     07D2                     u10:
   422     07D2                     l589:
   423                           
   424                           ;digital_keypad.c: 15:     {;digital_keypad.c: 16:         return PORTB & 0x3F;
   425     07D2  1283               	bcf	3,5	;RP0=0, select bank0
   426     07D3  1303               	bcf	3,6	;RP1=0, select bank0
   427     07D4  0806               	movf	6,w	;volatile
   428     07D5  393F               	andlw	63
   429     07D6  2FF5               	goto	l33
   430     07D7                     l595:
   431                           
   432                           ;digital_keypad.c: 19:     {;digital_keypad.c: 20:         if (((PORTB & 0x3F) != 0x3F) 
      +                          && once)
   433     07D7  303F               	movlw	63
   434     07D8  1283               	bcf	3,5	;RP0=0, select bank0
   435     07D9  1303               	bcf	3,6	;RP1=0, select bank0
   436     07DA  0506               	andwf	6,w	;volatile
   437     07DB  00F0               	movwf	??_read_digital_keypad
   438     07DC  303F               	movlw	63
   439     07DD  0670               	xorwf	??_read_digital_keypad,w
   440     07DE  1903               	btfsc	3,2
   441     07DF  2FE1               	goto	u21
   442     07E0  2FE2               	goto	u20
   443     07E1                     u21:
   444     07E1  2FE9               	goto	l607
   445     07E2                     u20:
   446     07E2                     l597:
   447     07E2  0873               	movf	read_digital_keypad@once,w
   448     07E3  1903               	btfsc	3,2
   449     07E4  2FE6               	goto	u31
   450     07E5  2FE7               	goto	u30
   451     07E6                     u31:
   452     07E6  2FE9               	goto	l607
   453     07E7                     u30:
   454     07E7                     l599:
   455                           
   456                           ;digital_keypad.c: 21:         {;digital_keypad.c: 22:             once = 0;
   457     07E7  01F3               	clrf	read_digital_keypad@once
   458     07E8  2FD2               	goto	l589
   459     07E9                     l607:
   460     07E9  303F               	movlw	63
   461     07EA  0506               	andwf	6,w	;volatile
   462     07EB  00F0               	movwf	??_read_digital_keypad
   463     07EC  303F               	movlw	63
   464     07ED  0670               	xorwf	??_read_digital_keypad,w
   465     07EE  1D03               	btfss	3,2
   466     07EF  2FF1               	goto	u41
   467     07F0  2FF2               	goto	u40
   468     07F1                     u41:
   469     07F1  2FF4               	goto	l611
   470     07F2                     u40:
   471     07F2                     l609:
   472                           
   473                           ;digital_keypad.c: 27:         {;digital_keypad.c: 28:             once = 1;
   474     07F2  3001               	movlw	1
   475     07F3  00F3               	movwf	read_digital_keypad@once
   476     07F4                     l611:
   477                           
   478                           ;digital_keypad.c: 32:     return 0x3F;
   479     07F4  303F               	movlw	63
   480     07F5                     l33:
   481     07F5  0008               	return
   482     07F6                     __end_of_read_digital_keypad:
   483                           
   484                           	psect	text2
   485     07A6                     __ptext2:	
   486 ;; *************** function _init_config *****************
   487 ;; Defined at:
   488 ;;		line 11 in file "main.c"
   489 ;; Parameters:    Size  Location     Type
   490 ;;		None
   491 ;; Auto vars:     Size  Location     Type
   492 ;;		None
   493 ;; Return value:  Size  Location     Type
   494 ;;                  1    wreg      void 
   495 ;; Registers used:
   496 ;;		wreg, status,2, status,0, pclath, cstack
   497 ;; Tracked objects:
   498 ;;		On entry : 0/0
   499 ;;		On exit  : 0/0
   500 ;;		Unchanged: 0/0
   501 ;; Data sizes:     COMMON   BANK0   BANK1   BANK3   BANK2
   502 ;;      Params:         0       0       0       0       0
   503 ;;      Locals:         0       0       0       0       0
   504 ;;      Temps:          0       0       0       0       0
   505 ;;      Totals:         0       0       0       0       0
   506 ;;Total ram usage:        0 bytes
   507 ;; Hardware stack levels used: 1
   508 ;; Hardware stack levels required when called: 1
   509 ;; This function calls:
   510 ;;		_init_digital_keypad
   511 ;; This function is called by:
   512 ;;		_main
   513 ;; This function uses a non-reentrant model
   514 ;;
   515                           
   516     07A6                     _init_config:	
   517                           ;psect for function _init_config
   518                           
   519     07A6                     l583:	
   520                           ;incstack = 0
   521                           ; Regs used in _init_config: [wreg+status,2+status,0+pclath+cstack]
   522                           
   523                           
   524                           ;main.c: 12:     while (1) {
   525     07A6  1283               	bcf	3,5	;RP0=0, select bank0
   526     07A7  1303               	bcf	3,6	;RP1=0, select bank0
   527     07A8  0188               	clrf	8	;volatile
   528                           
   529                           ;main.c: 13:         key = read_digital_keypad(0);
   530     07A9  1683               	bsf	3,5	;RP0=1, select bank1
   531     07AA  1303               	bcf	3,6	;RP1=0, select bank1
   532     07AB  0188               	clrf	8	;volatile
   533     07AC                     l585:
   534                           
   535                           ;main.c: 15:         if (key != 0x3F)
   536     07AC  120A  118A  27A0  120A  118A  	fcall	_init_digital_keypad
   537     07B1                     l11:
   538     07B1  0008               	return
   539     07B2                     __end_of_init_config:
   540                           
   541                           	psect	text3
   542     07A0                     __ptext3:	
   543 ;; *************** function _init_digital_keypad *****************
   544 ;; Defined at:
   545 ;;		line 4 in file "digital_keypad.c"
   546 ;; Parameters:    Size  Location     Type
   547 ;;		None
   548 ;; Auto vars:     Size  Location     Type
   549 ;;		None
   550 ;; Return value:  Size  Location     Type
   551 ;;                  1    wreg      void 
   552 ;; Registers used:
   553 ;;		wreg, status,2
   554 ;; Tracked objects:
   555 ;;		On entry : 0/0
   556 ;;		On exit  : 0/0
   557 ;;		Unchanged: 0/0
   558 ;; Data sizes:     COMMON   BANK0   BANK1   BANK3   BANK2
   559 ;;      Params:         0       0       0       0       0
   560 ;;      Locals:         0       0       0       0       0
   561 ;;      Temps:          0       0       0       0       0
   562 ;;      Totals:         0       0       0       0       0
   563 ;;Total ram usage:        0 bytes
   564 ;; Hardware stack levels used: 1
   565 ;; This function calls:
   566 ;;		Nothing
   567 ;; This function is called by:
   568 ;;		_init_config
   569 ;; This function uses a non-reentrant model
   570 ;;
   571                           
   572     07A0                     _init_digital_keypad:	
   573                           ;psect for function _init_digital_keypad
   574                           
   575     07A0                     l581:	
   576                           ;incstack = 0
   577                           ; Regs used in _init_digital_keypad: [wreg+status,2]
   578                           
   579                           
   580                           ;digital_keypad.c: 7:     TRISB = TRISB | 0x3F;
   581     07A0  1683               	bsf	3,5	;RP0=1, select bank1
   582     07A1  1303               	bcf	3,6	;RP1=0, select bank1
   583     07A2  0806               	movf	6,w	;volatile
   584     07A3  383F               	iorlw	63
   585     07A4  0086               	movwf	6	;volatile
   586     07A5                     l27:
   587     07A5  0008               	return
   588     07A6                     __end_of_init_digital_keypad:
   589     0002                     ___latbits      equ	2
   590     007E                     btemp           set	126	;btemp
   591     007E                     btemp0          set	126
   592     007F                     btemp1          set	127
   593     007E                     wtemp0          set	126
   594     007F                     wtemp0a         set	127
   595     007F                     ttemp0a         set	127
   596     0080                     ltemp0a         set	128
   597                           
   598                           	psect	idloc
   599                           
   600                           ;Config register IDLOC0 @ 0x2000
   601                           ;	unspecified, using default values
   602     2000                     	org	8192
   603     2000  3FFF               	dw	16383
   604                           
   605                           ;Config register IDLOC1 @ 0x2001
   606                           ;	unspecified, using default values
   607     2001                     	org	8193
   608     2001  3FFF               	dw	16383
   609                           
   610                           ;Config register IDLOC2 @ 0x2002
   611                           ;	unspecified, using default values
   612     2002                     	org	8194
   613     2002  3FFF               	dw	16383
   614                           
   615                           ;Config register IDLOC3 @ 0x2003
   616                           ;	unspecified, using default values
   617     2003                     	org	8195
   618     2003  3FFF               	dw	16383
   619                           
   620                           	psect	config
   621                           
   622                           ;Config register CONFIG @ 0x2007
   623                           ;	Oscillator Selection bits
   624                           ;	FOSC = 0x3, unprogrammed default
   625                           ;	Watchdog Timer Enable bit
   626                           ;	WDTE = OFF, WDT disabled
   627                           ;	Power-up Timer Enable bit
   628                           ;	PWRTE = 0x1, unprogrammed default
   629                           ;	Brown-out Reset Enable bit
   630                           ;	BOREN = 0x1, unprogrammed default
   631                           ;	Low-Voltage (Single-Supply) In-Circuit Serial Programming Enable bit
   632                           ;	LVP = 0x1, unprogrammed default
   633                           ;	Data EEPROM Memory Code Protection bit
   634                           ;	CPD = 0x1, unprogrammed default
   635                           ;	Flash Program Memory Write Enable bits
   636                           ;	WRT = 0x3, unprogrammed default
   637                           ;	In-Circuit Debugger Mode bit
   638                           ;	DEBUG = 0x1, unprogrammed default
   639                           ;	Flash Program Memory Code Protection bit
   640                           ;	CP = 0x1, unprogrammed default
   641     2007                     	org	8199
   642     2007  3FFB               	dw	16379

Data Sizes:
    Strings     0
    Constant    0
    Data        1
    BSS         0
    Persistent  0
    Stack       0

Auto Spaces:
    Space          Size  Autos    Used
    COMMON           14      3       4
    BANK0            80      0       0
    BANK1            80      0       0
    BANK3            96      0       0
    BANK2            96      0       0

Pointer List with Targets:

    None.

Critical Paths under _main in COMMON

    _main->_read_digital_keypad

Critical Paths under _main in BANK0

    None.

Critical Paths under _main in BANK1

    None.

Critical Paths under _main in BANK3

    None.

Critical Paths under _main in BANK2

    None.

Call Graph Tables:

 ---------------------------------------------------------------------------------
 (Depth) Function   	        Calls       Base Space   Used Autos Params    Refs
 ---------------------------------------------------------------------------------
 (0) _main                                                 1     1      0      45
                                              2 COMMON     1     1      0
                        _init_config
                _read_digital_keypad
 ---------------------------------------------------------------------------------
 (1) _read_digital_keypad                                  2     2      0      15
                                              0 COMMON     2     2      0
 ---------------------------------------------------------------------------------
 (1) _init_config                                          0     0      0       0
                _init_digital_keypad
 ---------------------------------------------------------------------------------
 (2) _init_digital_keypad                                  0     0      0       0
 ---------------------------------------------------------------------------------
 Estimated maximum stack depth 2
 ---------------------------------------------------------------------------------

 Call Graph Graphs:

 _main (ROOT)
   _init_config
     _init_digital_keypad
   _read_digital_keypad

Address spaces:
Name               Size   Autos  Total    Usage
BANK3               96      0       0      0.0%
BITBANK3            96      0       0      0.0%
BANK2               96      0       0      0.0%
BITBANK2            96      0       0      0.0%
BANK1               80      0       0      0.0%
BITBANK1            80      0       0      0.0%
BANK0               80      0       0      0.0%
BITBANK0            80      0       0      0.0%
COMMON              14      3       4     28.6%
BITCOMMON           14      0       0      0.0%
DATA                 0      0       4      0.0%
STACK                0      0       0      0.0%


Microchip Technology PIC Macro Assembler V3.10 build 20250813170317 
Symbol Table                                                                                   Tue Sep 29 20:14:30 2026

                         l11 07B1                           l16 07B7                           l33 07F5  
                         l27 07A5                           u10 07D2                           u11 07D1  
                         u20 07E2                           u21 07E1                           u30 07E7  
                         u31 07E6                           u40 07F2                           u41 07F1  
                         u50 07C4                           u51 07C3                          l611 07F4  
                        l607 07E9                          l615 07B2                          l609 07F2  
                        l617 07BE                          l619 07C4                          l581 07A0  
                        l583 07A6                          l585 07AC                          l595 07D7  
                        l587 07CD                          l597 07E2                          l589 07D2  
                        l599 07E7        ??_read_digital_keypad 0070                         _main 07B2  
                       btemp 007E                         start 0000                        ?_main 0070  
               ?_init_config 0070                        _PORTB 0006                        _PORTD 0008  
                      _TRISB 0086                        _TRISD 0088                        btemp0 007E  
                      btemp1 007F                        status 0003                        wtemp0 007E  
            __initialization 07F6                 __end_of_main 07CC                       ??_main 0072  
__end_of_init_digital_keypad 07A6                 __pdataCOMMON 0073                       ltemp0a 0080  
                     ttemp0a 007F                       wtemp0a 007F      __end_of__initialization 07FC  
             __pcstackCOMMON 0070                   __pmaintext 07B2  __end_of_read_digital_keypad 07F6  
                    __ptext1 07CC                      __ptext2 07A6                      __ptext3 07A0  
                    main@key 0072         end_of_initialization 07FC                __pidataCOMMON 079F  
        start_initialization 07F6                ??_init_config 0070                    ___latbits 0002  
        __end_of_init_config 07B2          _init_digital_keypad 07A0         ?_init_digital_keypad 0070  
                _init_config 07A6      read_digital_keypad@mode 0071      read_digital_keypad@once 0073  
      ??_init_digital_keypad 0070          _read_digital_keypad 07CC         ?_read_digital_keypad 0070  
