

Microchip MPLAB XC8 Assembler V3.10 build 20250813170317 
                                                                                               Thu Sep 24 20:34:21 2026

Microchip MPLAB XC8 C Compiler v3.10 (Free license) build 20250813170317 Og1 
     1                           	processor	16F877A
     2                           	pagewidth 120
     3                           	opt	flic
     4                           	psect	cinit,global,class=CODE,space=0,merge=1,delta=2
     5                           	psect	cstackCOMMON,global,class=COMMON,space=1,delta=1,noexec
     6                           	psect	maintext,global,class=CODE,space=0,split=1,delta=2
     7                           	psect	text1,local,class=CODE,space=0,merge=1,delta=2
     8                           	psect	config,global,abs,ovrld,class=CONFIG,space=4,delta=2,noexec
     9                           	dabs	1,0x7E,2
    10     0000                     
    11                           ; Generated 22/04/2026 GMT
    12                           ; 
    13                           ; Copyright (c) 2026 Microchip Technology Inc. and its subsidiaries.
    14                           ; 
    15                           ; Licensed under the Apache License, Version 2.0 (the "License");
    16                           ; you may not use this file except in compliance with the License.
    17                           ; You may obtain a copy of the License at
    18                           ; 
    19                           ;   http://www.apache.org/licenses/LICENSE-2.0
    20                           ; 
    21                           ; Unless required by applicable law or agreed to in writing, software
    22                           ; distributed under the License is distributed on an "AS IS" BASIS,
    23                           ; WITHOUT WARRANTIES OR CONDITIONS OF ANY KIND, either express or implied.
    24                           ; See the License for the specific language governing permissions and
    25                           ; limitations under the License.
    26                           ; 
    27                           ; 
    28                           ; Code-generator required, PIC16F877A Definitions
    29                           ; 
    30                           ; SFR Addresses
    31     0004                     fsr             equ	4
    32     0004                     fsr0            equ	4
    33     0000                     indf            equ	0
    34     0000                     indf0           equ	0
    35     0002                     pc              equ	2
    36     0002                     pcl             equ	2
    37     000A                     pclath          equ	10
    38     0003                     status          equ	3
    39     0000                     INDF            equ	0	;# 
    40     0001                     TMR0            equ	1	;# 
    41     0002                     PCL             equ	2	;# 
    42     0003                     STATUS          equ	3	;# 
    43     0004                     FSR             equ	4	;# 
    44     0005                     PORTA           equ	5	;# 
    45     0006                     PORTB           equ	6	;# 
    46     0007                     PORTC           equ	7	;# 
    47     0008                     PORTD           equ	8	;# 
    48     0009                     PORTE           equ	9	;# 
    49     000A                     PCLATH          equ	10	;# 
    50     000B                     INTCON          equ	11	;# 
    51     000C                     PIR1            equ	12	;# 
    52     000D                     PIR2            equ	13	;# 
    53     000E                     TMR1            equ	14	;# 
    54     000E                     TMR1L           equ	14	;# 
    55     000F                     TMR1H           equ	15	;# 
    56     0010                     T1CON           equ	16	;# 
    57     0011                     TMR2            equ	17	;# 
    58     0012                     T2CON           equ	18	;# 
    59     0013                     SSPBUF          equ	19	;# 
    60     0014                     SSPCON          equ	20	;# 
    61     0015                     CCPR1           equ	21	;# 
    62     0015                     CCPR1L          equ	21	;# 
    63     0016                     CCPR1H          equ	22	;# 
    64     0017                     CCP1CON         equ	23	;# 
    65     0018                     RCSTA           equ	24	;# 
    66     0019                     TXREG           equ	25	;# 
    67     001A                     RCREG           equ	26	;# 
    68     001B                     CCPR2           equ	27	;# 
    69     001B                     CCPR2L          equ	27	;# 
    70     001C                     CCPR2H          equ	28	;# 
    71     001D                     CCP2CON         equ	29	;# 
    72     001E                     ADRESH          equ	30	;# 
    73     001F                     ADCON0          equ	31	;# 
    74     0081                     OPTION_REG      equ	129	;# 
    75     0085                     TRISA           equ	133	;# 
    76     0086                     TRISB           equ	134	;# 
    77     0087                     TRISC           equ	135	;# 
    78     0088                     TRISD           equ	136	;# 
    79     0089                     TRISE           equ	137	;# 
    80     008C                     PIE1            equ	140	;# 
    81     008D                     PIE2            equ	141	;# 
    82     008E                     PCON            equ	142	;# 
    83     0091                     SSPCON2         equ	145	;# 
    84     0092                     PR2             equ	146	;# 
    85     0093                     SSPADD          equ	147	;# 
    86     0094                     SSPSTAT         equ	148	;# 
    87     0098                     TXSTA           equ	152	;# 
    88     0099                     SPBRG           equ	153	;# 
    89     009C                     CMCON           equ	156	;# 
    90     009D                     CVRCON          equ	157	;# 
    91     009E                     ADRESL          equ	158	;# 
    92     009F                     ADCON1          equ	159	;# 
    93     010C                     EEDATA          equ	268	;# 
    94     010D                     EEADR           equ	269	;# 
    95     010E                     EEDATH          equ	270	;# 
    96     010F                     EEADRH          equ	271	;# 
    97     018C                     EECON1          equ	396	;# 
    98     018D                     EECON2          equ	397	;# 
    99     0000                     INDF            equ	0	;# 
   100     0001                     TMR0            equ	1	;# 
   101     0002                     PCL             equ	2	;# 
   102     0003                     STATUS          equ	3	;# 
   103     0004                     FSR             equ	4	;# 
   104     0005                     PORTA           equ	5	;# 
   105     0006                     PORTB           equ	6	;# 
   106     0007                     PORTC           equ	7	;# 
   107     0008                     PORTD           equ	8	;# 
   108     0009                     PORTE           equ	9	;# 
   109     000A                     PCLATH          equ	10	;# 
   110     000B                     INTCON          equ	11	;# 
   111     000C                     PIR1            equ	12	;# 
   112     000D                     PIR2            equ	13	;# 
   113     000E                     TMR1            equ	14	;# 
   114     000E                     TMR1L           equ	14	;# 
   115     000F                     TMR1H           equ	15	;# 
   116     0010                     T1CON           equ	16	;# 
   117     0011                     TMR2            equ	17	;# 
   118     0012                     T2CON           equ	18	;# 
   119     0013                     SSPBUF          equ	19	;# 
   120     0014                     SSPCON          equ	20	;# 
   121     0015                     CCPR1           equ	21	;# 
   122     0015                     CCPR1L          equ	21	;# 
   123     0016                     CCPR1H          equ	22	;# 
   124     0017                     CCP1CON         equ	23	;# 
   125     0018                     RCSTA           equ	24	;# 
   126     0019                     TXREG           equ	25	;# 
   127     001A                     RCREG           equ	26	;# 
   128     001B                     CCPR2           equ	27	;# 
   129     001B                     CCPR2L          equ	27	;# 
   130     001C                     CCPR2H          equ	28	;# 
   131     001D                     CCP2CON         equ	29	;# 
   132     001E                     ADRESH          equ	30	;# 
   133     001F                     ADCON0          equ	31	;# 
   134     0081                     OPTION_REG      equ	129	;# 
   135     0085                     TRISA           equ	133	;# 
   136     0086                     TRISB           equ	134	;# 
   137     0087                     TRISC           equ	135	;# 
   138     0088                     TRISD           equ	136	;# 
   139     0089                     TRISE           equ	137	;# 
   140     008C                     PIE1            equ	140	;# 
   141     008D                     PIE2            equ	141	;# 
   142     008E                     PCON            equ	142	;# 
   143     0091                     SSPCON2         equ	145	;# 
   144     0092                     PR2             equ	146	;# 
   145     0093                     SSPADD          equ	147	;# 
   146     0094                     SSPSTAT         equ	148	;# 
   147     0098                     TXSTA           equ	152	;# 
   148     0099                     SPBRG           equ	153	;# 
   149     009C                     CMCON           equ	156	;# 
   150     009D                     CVRCON          equ	157	;# 
   151     009E                     ADRESL          equ	158	;# 
   152     009F                     ADCON1          equ	159	;# 
   153     010C                     EEDATA          equ	268	;# 
   154     010D                     EEADR           equ	269	;# 
   155     010E                     EEDATH          equ	270	;# 
   156     010F                     EEADRH          equ	271	;# 
   157     018C                     EECON1          equ	396	;# 
   158     018D                     EECON2          equ	397	;# 
   159     0006                     _PORTB          set	6
   160     0032                     _RB2            set	50
   161     0432                     _TRISB2         set	1074
   162                           
   163                           	psect	cinit
   164     07FC                     start_initialization:	
   165                           ; #config settings
   166                           
   167     07FC                     __initialization:
   168     07FC                     end_of_initialization:	
   169                           ;End of C runtime variable initialization code
   170                           
   171     07FC                     __end_of__initialization:
   172     07FC  0183               	clrf	3
   173     07FD  120A  118A  2F93   	ljmp	_main	;jump to C main() function
   174                           
   175                           	psect	cstackCOMMON
   176     0070                     __pcstackCOMMON:
   177     0070                     ?_gpio_config:
   178     0070                     ?_main:	
   179                           ; 1 bytes @ 0x0
   180                           
   181     0070                     ??_gpio_config:	
   182                           ; 2 bytes @ 0x0
   183                           
   184     0070                     ??_main:	
   185                           ; 1 bytes @ 0x0
   186                           
   187                           
   188                           ; 1 bytes @ 0x0
   189     0070                     	ds	4
   190     0074                     main@i:
   191                           
   192                           ; 4 bytes @ 0x4
   193     0074                     	ds	4
   194     0078                     main@i_33:
   195                           
   196                           ; 4 bytes @ 0x8
   197     0078                     	ds	4
   198                           
   199                           	psect	maintext
   200     0793                     __pmaintext:	
   201 ;;
   202 ;;Main: autosize = 0, tempsize = 4, incstack = 0, save=0
   203 ;;
   204 ;; *************** function _main *****************
   205 ;; Defined at:
   206 ;;		line 11 in file "main.c"
   207 ;; Parameters:    Size  Location     Type
   208 ;;		None
   209 ;; Auto vars:     Size  Location     Type
   210 ;;  i               4    8[COMMON] unsigned long 
   211 ;;  i               4    4[COMMON] unsigned long 
   212 ;; Return value:  Size  Location     Type
   213 ;;                  2   13[None  ] int 
   214 ;; Registers used:
   215 ;;		wreg, status,2, status,0, pclath, cstack
   216 ;; Tracked objects:
   217 ;;		On entry : B00/0
   218 ;;		On exit  : 0/0
   219 ;;		Unchanged: 0/0
   220 ;; Data sizes:     COMMON   BANK0   BANK1   BANK3   BANK2
   221 ;;      Params:         0       0       0       0       0
   222 ;;      Locals:         8       0       0       0       0
   223 ;;      Temps:          4       0       0       0       0
   224 ;;      Totals:        12       0       0       0       0
   225 ;;Total ram usage:       12 bytes
   226 ;; Hardware stack levels required when called: 1
   227 ;; This function calls:
   228 ;;		_gpio_config
   229 ;; This function is called by:
   230 ;;		Startup code after reset
   231 ;; This function uses a non-reentrant model
   232 ;;
   233                           
   234     0793                     _main:	
   235                           ;psect for function _main
   236                           
   237     0793                     l571:	
   238                           ;incstack = 0
   239                           ; Regs used in _main: [wreg+status,2+status,0+pclath+cstack]
   240                           
   241                           
   242                           ;main.c: 13:         for(unsigned long int i=1000000;i;i--);
   243     0793  120A  118A  278C  120A  118A  	fcall	_gpio_config
   244     0798                     l573:
   245                           
   246                           ;main.c: 15:     return 0;;main.c: 16: }
   247     0798  1283               	bcf	3,5	;RP0=0, select bank0
   248     0799  1303               	bcf	3,6	;RP1=0, select bank0
   249     079A  1106               	bcf	6,2	;volatile
   250     079B                     l575:
   251     079B  3000               	movlw	0
   252     079C  00F7               	movwf	main@i+3
   253     079D  300F               	movlw	15
   254     079E  00F6               	movwf	main@i+2
   255     079F  3042               	movlw	66
   256     07A0  00F5               	movwf	main@i+1
   257     07A1  3040               	movlw	64
   258     07A2  00F4               	movwf	main@i
   259     07A3  2FC0               	goto	l15
   260     07A4                     l577:
   261     07A4  3001               	movlw	1
   262     07A5  00F0               	movwf	??_main
   263     07A6  3000               	movlw	0
   264     07A7  00F1               	movwf	??_main+1
   265     07A8  3000               	movlw	0
   266     07A9  00F2               	movwf	??_main+2
   267     07AA  3000               	movlw	0
   268     07AB  00F3               	movwf	??_main+3
   269     07AC  0870               	movf	??_main,w
   270     07AD  02F4               	subwf	main@i,f
   271     07AE  0871               	movf	??_main+1,w
   272     07AF  1C03               	skipc
   273     07B0  0F71               	incfsz	??_main+1,w
   274     07B1  2FB3               	goto	u15
   275     07B2  2FB4               	goto	u16
   276     07B3                     u15:
   277     07B3  02F5               	subwf	main@i+1,f
   278     07B4                     u16:
   279     07B4  0872               	movf	??_main+2,w
   280     07B5  1C03               	skipc
   281     07B6  0F72               	incfsz	??_main+2,w
   282     07B7  2FB9               	goto	u17
   283     07B8  2FBA               	goto	u18
   284     07B9                     u17:
   285     07B9  02F6               	subwf	main@i+2,f
   286     07BA                     u18:
   287     07BA  0873               	movf	??_main+3,w
   288     07BB  1C03               	skipc
   289     07BC  0F73               	incfsz	??_main+3,w
   290     07BD  2FBF               	goto	u19
   291     07BE  2FC0               	goto	u10
   292     07BF                     u19:
   293     07BF  02F7               	subwf	main@i+3,f
   294     07C0                     u10:
   295     07C0                     l15:
   296     07C0  0877               	movf	main@i+3,w
   297     07C1  0476               	iorwf	main@i+2,w
   298     07C2  0475               	iorwf	main@i+1,w
   299     07C3  0474               	iorwf	main@i,w
   300     07C4  1D03               	skipz
   301     07C5  2FC7               	goto	u21
   302     07C6  2FC8               	goto	u20
   303     07C7                     u21:
   304     07C7  2FA4               	goto	l577
   305     07C8                     u20:
   306     07C8                     l17:
   307     07C8  1283               	bcf	3,5	;RP0=0, select bank0
   308     07C9  1303               	bcf	3,6	;RP1=0, select bank0
   309     07CA  1506               	bsf	6,2	;volatile
   310     07CB                     l579:
   311     07CB  3000               	movlw	0
   312     07CC  00FB               	movwf	main@i_33+3
   313     07CD  300F               	movlw	15
   314     07CE  00FA               	movwf	main@i_33+2
   315     07CF  3042               	movlw	66
   316     07D0  00F9               	movwf	main@i_33+1
   317     07D1  3040               	movlw	64
   318     07D2  00F8               	movwf	main@i_33
   319     07D3  2FF0               	goto	l18
   320     07D4                     l581:
   321     07D4  3001               	movlw	1
   322     07D5  00F0               	movwf	??_main
   323     07D6  3000               	movlw	0
   324     07D7  00F1               	movwf	??_main+1
   325     07D8  3000               	movlw	0
   326     07D9  00F2               	movwf	??_main+2
   327     07DA  3000               	movlw	0
   328     07DB  00F3               	movwf	??_main+3
   329     07DC  0870               	movf	??_main,w
   330     07DD  02F8               	subwf	main@i_33,f
   331     07DE  0871               	movf	??_main+1,w
   332     07DF  1C03               	skipc
   333     07E0  0F71               	incfsz	??_main+1,w
   334     07E1  2FE3               	goto	u35
   335     07E2  2FE4               	goto	u36
   336     07E3                     u35:
   337     07E3  02F9               	subwf	main@i_33+1,f
   338     07E4                     u36:
   339     07E4  0872               	movf	??_main+2,w
   340     07E5  1C03               	skipc
   341     07E6  0F72               	incfsz	??_main+2,w
   342     07E7  2FE9               	goto	u37
   343     07E8  2FEA               	goto	u38
   344     07E9                     u37:
   345     07E9  02FA               	subwf	main@i_33+2,f
   346     07EA                     u38:
   347     07EA  0873               	movf	??_main+3,w
   348     07EB  1C03               	skipc
   349     07EC  0F73               	incfsz	??_main+3,w
   350     07ED  2FEF               	goto	u39
   351     07EE  2FF0               	goto	u30
   352     07EF                     u39:
   353     07EF  02FB               	subwf	main@i_33+3,f
   354     07F0                     u30:
   355     07F0                     l18:
   356     07F0  087B               	movf	main@i_33+3,w
   357     07F1  047A               	iorwf	main@i_33+2,w
   358     07F2  0479               	iorwf	main@i_33+1,w
   359     07F3  0478               	iorwf	main@i_33,w
   360     07F4  1D03               	skipz
   361     07F5  2FF7               	goto	u41
   362     07F6  2FF8               	goto	u40
   363     07F7                     u41:
   364     07F7  2FD4               	goto	l581
   365     07F8                     u40:
   366     07F8  2F98               	goto	l573
   367     07F9  120A  118A  2800   	ljmp	start
   368     07FC                     __end_of_main:
   369                           
   370                           	psect	text1
   371     078C                     __ptext1:	
   372 ;; *************** function _gpio_config *****************
   373 ;; Defined at:
   374 ;;		line 6 in file "main.c"
   375 ;; Parameters:    Size  Location     Type
   376 ;;		None
   377 ;; Auto vars:     Size  Location     Type
   378 ;;		None
   379 ;; Return value:  Size  Location     Type
   380 ;;                  1    wreg      void 
   381 ;; Registers used:
   382 ;;		status,2
   383 ;; Tracked objects:
   384 ;;		On entry : 0/0
   385 ;;		On exit  : 0/0
   386 ;;		Unchanged: 0/0
   387 ;; Data sizes:     COMMON   BANK0   BANK1   BANK3   BANK2
   388 ;;      Params:         0       0       0       0       0
   389 ;;      Locals:         0       0       0       0       0
   390 ;;      Temps:          0       0       0       0       0
   391 ;;      Totals:         0       0       0       0       0
   392 ;;Total ram usage:        0 bytes
   393 ;; Hardware stack levels used: 1
   394 ;; This function calls:
   395 ;;		Nothing
   396 ;; This function is called by:
   397 ;;		_main
   398 ;; This function uses a non-reentrant model
   399 ;;
   400                           
   401     078C                     _gpio_config:	
   402                           ;psect for function _gpio_config
   403                           
   404     078C                     l567:	
   405                           ;incstack = 0
   406                           ; Regs used in _gpio_config: [status,2]
   407                           
   408                           
   409                           ;main.c: 8:     while(1)
   410     078C  1283               	bcf	3,5	;RP0=0, select bank0
   411     078D  1303               	bcf	3,6	;RP1=0, select bank0
   412     078E  0186               	clrf	6	;volatile
   413     078F                     l569:
   414                           
   415                           ;main.c: 9:     {
   416     078F  1683               	bsf	3,5	;RP0=1, select bank1
   417     0790  1303               	bcf	3,6	;RP1=0, select bank1
   418     0791  1106               	bcf	6,2	;volatile
   419     0792                     l9:
   420     0792  0008               	return
   421     0793                     __end_of_gpio_config:
   422     0002                     ___latbits      equ	2
   423     007E                     btemp           set	126	;btemp
   424     007E                     btemp0          set	126
   425     007F                     btemp1          set	127
   426     007E                     wtemp0          set	126
   427     007F                     wtemp0a         set	127
   428     007F                     ttemp0a         set	127
   429     0080                     ltemp0a         set	128
   430                           
   431                           	psect	config
   432                           
   433                           ;Config register CONFIG @ 0x2007
   434                           ;	Oscillator Selection bits
   435                           ;	FOSC = 0x3, unprogrammed default
   436                           ;	Watchdog Timer Enable bit
   437                           ;	WDTE = OFF, WDT disabled
   438                           ;	Power-up Timer Enable bit
   439                           ;	PWRTE = 0x1, unprogrammed default
   440                           ;	Brown-out Reset Enable bit
   441                           ;	BOREN = 0x1, unprogrammed default
   442                           ;	Low-Voltage (Single-Supply) In-Circuit Serial Programming Enable bit
   443                           ;	LVP = 0x1, unprogrammed default
   444                           ;	Data EEPROM Memory Code Protection bit
   445                           ;	CPD = 0x1, unprogrammed default
   446                           ;	Flash Program Memory Write Enable bits
   447                           ;	WRT = 0x3, unprogrammed default
   448                           ;	In-Circuit Debugger Mode bit
   449                           ;	DEBUG = 0x1, unprogrammed default
   450                           ;	Flash Program Memory Code Protection bit
   451                           ;	CP = 0x1, unprogrammed default
   452     2007                     	org	8199
   453     2007  3FFB               	dw	16379

Data Sizes:
    Strings     0
    Constant    0
    Data        0
    BSS         0
    Persistent  0
    Stack       0

Auto Spaces:
    Space          Size  Autos    Used
    COMMON           14     12      12
    BANK0            80      0       0
    BANK1            80      0       0
    BANK3            96      0       0
    BANK2            96      0       0

Pointer List with Targets:

    None.

Critical Paths under _main in COMMON

    None.

Critical Paths under _main in BANK0

    None.

Critical Paths under _main in BANK1

    None.

Critical Paths under _main in BANK3

    None.

Critical Paths under _main in BANK2

    None.

Call Graph Tables:

 ---------------------------------------------------------------------------------
 (Depth) Function   	        Calls       Base Space   Used Autos Params    Refs
 ---------------------------------------------------------------------------------
 (0) _main                                                12    12      0      30
                                              0 COMMON    12    12      0
                        _gpio_config
 ---------------------------------------------------------------------------------
 (1) _gpio_config                                          0     0      0       0
 ---------------------------------------------------------------------------------
 Estimated maximum stack depth 1
 ---------------------------------------------------------------------------------

 Call Graph Graphs:

 _main (ROOT)
   _gpio_config

Address spaces:
Name               Size   Autos  Total    Usage
BITCOMMON           14      0       0      0.0%
BITBANK0            80      0       0      0.0%
BITBANK1            80      0       0      0.0%
BITBANK3            96      0       0      0.0%
BITBANK2            96      0       0      0.0%
COMMON              14     12      12     85.7%
BANK0               80      0       0      0.0%
BANK1               80      0       0      0.0%
BANK3               96      0       0      0.0%
BANK2               96      0       0      0.0%
STACK                0      0       0      0.0%
DATA                 0      0      12      0.0%


Microchip Technology PIC Macro Assembler V3.10 build 20250813170317 
Symbol Table                                                                                   Thu Sep 24 20:34:21 2026

                      l9 0792                       l15 07C0                       l17 07C8  
                     l18 07F0                       u10 07C0                       u20 07C8  
                     u21 07C7                       u30 07F0                       u15 07B3  
                     u40 07F8                       u16 07B4                       u41 07F7  
                     u17 07B9                       u18 07BA                       u35 07E3  
                     u19 07BF                       u36 07E4                       u37 07E9  
                     u38 07EA                       u39 07EF                      l571 0793  
                    l581 07D4                      l573 0798                      l567 078C  
                    l575 079B                      l569 078F                      l577 07A4  
                    l579 07CB                      _RB2 0032                     _main 0793  
                   btemp 007E                     start 0000             ?_gpio_config 0070  
                  ?_main 0070                    _PORTB 0006                    btemp0 007E  
                  btemp1 007F                    main@i 0074                    status 0003  
                  wtemp0 007E          __initialization 07FC             __end_of_main 07FC  
                 ??_main 0070                   _TRISB2 0432                   ltemp0a 0080  
                 ttemp0a 007F                   wtemp0a 007F  __end_of__initialization 07FC  
         __pcstackCOMMON 0070               __pmaintext 0793                  __ptext1 078C  
   end_of_initialization 07FC      start_initialization 07FC            ??_gpio_config 0070  
              ___latbits 0002      __end_of_gpio_config 0793              _gpio_config 078C  
               main@i_33 0078  
