

Microchip MPLAB XC8 Assembler V3.10 build 20250813170317 
                                                                                               Mon Sep 28 20:13:42 2026

Microchip MPLAB XC8 C Compiler v3.10 (Free license) build 20250813170317 Og1 
     1                           	processor	16F877A
     2                           	pagewidth 120
     3                           	opt	flic
     4                           	psect	cinit,global,class=CODE,space=0,merge=1,delta=2
     5                           	psect	cstackCOMMON,global,class=COMMON,space=1,delta=1,noexec
     6                           	psect	maintext,global,class=CODE,space=0,split=1,delta=2
     7                           	psect	idloc,global,abs,ovrld,class=IDLOC,space=5,delta=2,noexec
     8                           	psect	config,global,abs,ovrld,class=CONFIG,space=4,delta=2,noexec
     9                           	dabs	1,0x7E,2
    10     0000                     
    11                           ; Generated 22/04/2026 GMT
    12                           ; 
    13                           ; Copyright (c) 2026 Microchip Technology Inc. and its subsidiaries.
    14                           ; 
    15                           ; Licensed under the Apache License, Version 2.0 (the "License");
    16                           ; you may not use this file except in compliance with the License.
    17                           ; You may obtain a copy of the License at
    18                           ; 
    19                           ;   http://www.apache.org/licenses/LICENSE-2.0
    20                           ; 
    21                           ; Unless required by applicable law or agreed to in writing, software
    22                           ; distributed under the License is distributed on an "AS IS" BASIS,
    23                           ; WITHOUT WARRANTIES OR CONDITIONS OF ANY KIND, either express or implied.
    24                           ; See the License for the specific language governing permissions and
    25                           ; limitations under the License.
    26                           ; 
    27                           ; 
    28                           ; Code-generator required, PIC16F877A Definitions
    29                           ; 
    30                           ; SFR Addresses
    31     0004                     fsr             equ	4
    32     0004                     fsr0            equ	4
    33     0000                     indf            equ	0
    34     0000                     indf0           equ	0
    35     0002                     pc              equ	2
    36     0002                     pcl             equ	2
    37     000A                     pclath          equ	10
    38     0003                     status          equ	3
    39     0000                     INDF            equ	0	;# 
    40     0001                     TMR0            equ	1	;# 
    41     0002                     PCL             equ	2	;# 
    42     0003                     STATUS          equ	3	;# 
    43     0004                     FSR             equ	4	;# 
    44     0005                     PORTA           equ	5	;# 
    45     0006                     PORTB           equ	6	;# 
    46     0007                     PORTC           equ	7	;# 
    47     0008                     PORTD           equ	8	;# 
    48     0009                     PORTE           equ	9	;# 
    49     000A                     PCLATH          equ	10	;# 
    50     000B                     INTCON          equ	11	;# 
    51     000C                     PIR1            equ	12	;# 
    52     000D                     PIR2            equ	13	;# 
    53     000E                     TMR1            equ	14	;# 
    54     000E                     TMR1L           equ	14	;# 
    55     000F                     TMR1H           equ	15	;# 
    56     0010                     T1CON           equ	16	;# 
    57     0011                     TMR2            equ	17	;# 
    58     0012                     T2CON           equ	18	;# 
    59     0013                     SSPBUF          equ	19	;# 
    60     0014                     SSPCON          equ	20	;# 
    61     0015                     CCPR1           equ	21	;# 
    62     0015                     CCPR1L          equ	21	;# 
    63     0016                     CCPR1H          equ	22	;# 
    64     0017                     CCP1CON         equ	23	;# 
    65     0018                     RCSTA           equ	24	;# 
    66     0019                     TXREG           equ	25	;# 
    67     001A                     RCREG           equ	26	;# 
    68     001B                     CCPR2           equ	27	;# 
    69     001B                     CCPR2L          equ	27	;# 
    70     001C                     CCPR2H          equ	28	;# 
    71     001D                     CCP2CON         equ	29	;# 
    72     001E                     ADRESH          equ	30	;# 
    73     001F                     ADCON0          equ	31	;# 
    74     0081                     OPTION_REG      equ	129	;# 
    75     0085                     TRISA           equ	133	;# 
    76     0086                     TRISB           equ	134	;# 
    77     0087                     TRISC           equ	135	;# 
    78     0088                     TRISD           equ	136	;# 
    79     0089                     TRISE           equ	137	;# 
    80     008C                     PIE1            equ	140	;# 
    81     008D                     PIE2            equ	141	;# 
    82     008E                     PCON            equ	142	;# 
    83     0091                     SSPCON2         equ	145	;# 
    84     0092                     PR2             equ	146	;# 
    85     0093                     SSPADD          equ	147	;# 
    86     0094                     SSPSTAT         equ	148	;# 
    87     0098                     TXSTA           equ	152	;# 
    88     0099                     SPBRG           equ	153	;# 
    89     009C                     CMCON           equ	156	;# 
    90     009D                     CVRCON          equ	157	;# 
    91     009E                     ADRESL          equ	158	;# 
    92     009F                     ADCON1          equ	159	;# 
    93     010C                     EEDATA          equ	268	;# 
    94     010D                     EEADR           equ	269	;# 
    95     010E                     EEDATH          equ	270	;# 
    96     010F                     EEADRH          equ	271	;# 
    97     018C                     EECON1          equ	396	;# 
    98     018D                     EECON2          equ	397	;# 
    99     0000                     INDF            equ	0	;# 
   100     0001                     TMR0            equ	1	;# 
   101     0002                     PCL             equ	2	;# 
   102     0003                     STATUS          equ	3	;# 
   103     0004                     FSR             equ	4	;# 
   104     0005                     PORTA           equ	5	;# 
   105     0006                     PORTB           equ	6	;# 
   106     0007                     PORTC           equ	7	;# 
   107     0008                     PORTD           equ	8	;# 
   108     0009                     PORTE           equ	9	;# 
   109     000A                     PCLATH          equ	10	;# 
   110     000B                     INTCON          equ	11	;# 
   111     000C                     PIR1            equ	12	;# 
   112     000D                     PIR2            equ	13	;# 
   113     000E                     TMR1            equ	14	;# 
   114     000E                     TMR1L           equ	14	;# 
   115     000F                     TMR1H           equ	15	;# 
   116     0010                     T1CON           equ	16	;# 
   117     0011                     TMR2            equ	17	;# 
   118     0012                     T2CON           equ	18	;# 
   119     0013                     SSPBUF          equ	19	;# 
   120     0014                     SSPCON          equ	20	;# 
   121     0015                     CCPR1           equ	21	;# 
   122     0015                     CCPR1L          equ	21	;# 
   123     0016                     CCPR1H          equ	22	;# 
   124     0017                     CCP1CON         equ	23	;# 
   125     0018                     RCSTA           equ	24	;# 
   126     0019                     TXREG           equ	25	;# 
   127     001A                     RCREG           equ	26	;# 
   128     001B                     CCPR2           equ	27	;# 
   129     001B                     CCPR2L          equ	27	;# 
   130     001C                     CCPR2H          equ	28	;# 
   131     001D                     CCP2CON         equ	29	;# 
   132     001E                     ADRESH          equ	30	;# 
   133     001F                     ADCON0          equ	31	;# 
   134     0081                     OPTION_REG      equ	129	;# 
   135     0085                     TRISA           equ	133	;# 
   136     0086                     TRISB           equ	134	;# 
   137     0087                     TRISC           equ	135	;# 
   138     0088                     TRISD           equ	136	;# 
   139     0089                     TRISE           equ	137	;# 
   140     008C                     PIE1            equ	140	;# 
   141     008D                     PIE2            equ	141	;# 
   142     008E                     PCON            equ	142	;# 
   143     0091                     SSPCON2         equ	145	;# 
   144     0092                     PR2             equ	146	;# 
   145     0093                     SSPADD          equ	147	;# 
   146     0094                     SSPSTAT         equ	148	;# 
   147     0098                     TXSTA           equ	152	;# 
   148     0099                     SPBRG           equ	153	;# 
   149     009C                     CMCON           equ	156	;# 
   150     009D                     CVRCON          equ	157	;# 
   151     009E                     ADRESL          equ	158	;# 
   152     009F                     ADCON1          equ	159	;# 
   153     010C                     EEDATA          equ	268	;# 
   154     010D                     EEADR           equ	269	;# 
   155     010E                     EEDATH          equ	270	;# 
   156     010F                     EEADRH          equ	271	;# 
   157     018C                     EECON1          equ	396	;# 
   158     018D                     EECON2          equ	397	;# 
   159     0007                     _PORTC          set	7
   160     0006                     _PORTB          set	6
   161     0033                     _RB3            set	51
   162     0038                     _RC0            set	56
   163     0087                     _TRISC          set	135
   164     0086                     _TRISB          set	134
   165                           
   166                           	psect	cinit
   167     07FC                     start_initialization:	
   168                           ; #config settings
   169                           
   170     07FC                     __initialization:
   171     07FC                     end_of_initialization:	
   172                           ;End of C runtime variable initialization code
   173                           
   174     07FC                     __end_of__initialization:
   175     07FC  0183               	clrf	3
   176     07FD  120A  118A  2FE7   	ljmp	_main	;jump to C main() function
   177                           
   178                           	psect	cstackCOMMON
   179     0000                     __pcstackCOMMON:
   180     0000                     ?_main:
   181     0000                     ??_main:	
   182                           ; 1 bytes @ 0x0
   183                           
   184                           
   185                           	psect	maintext
   186     07E7                     __pmaintext:	
   187                           ; 1 bytes @ 0x0
   188 ;;
   189 ;;Main: autosize = 0, tempsize = 0, incstack = 0, save=0
   190 ;;
   191 ;; *************** function _main *****************
   192 ;; Defined at:
   193 ;;		line 5 in file "main.c"
   194 ;; Parameters:    Size  Location     Type
   195 ;;		None
   196 ;; Auto vars:     Size  Location     Type
   197 ;;		None
   198 ;; Return value:  Size  Location     Type
   199 ;;                  1    wreg      void 
   200 ;; Registers used:
   201 ;;		status,2
   202 ;; Tracked objects:
   203 ;;		On entry : B00/0
   204 ;;		On exit  : 0/0
   205 ;;		Unchanged: 0/0
   206 ;; Data sizes:     COMMON   BANK0   BANK1   BANK3   BANK2
   207 ;;      Params:         0       0       0       0       0
   208 ;;      Locals:         0       0       0       0       0
   209 ;;      Temps:          0       0       0       0       0
   210 ;;      Totals:         0       0       0       0       0
   211 ;;Total ram usage:        0 bytes
   212 ;; This function calls:
   213 ;;		Nothing
   214 ;; This function is called by:
   215 ;;		Startup code after reset
   216 ;; This function uses a non-reentrant model
   217 ;;
   218                           
   219     07E7                     _main:	
   220                           ;psect for function _main
   221                           
   222     07E7                     l566:	
   223                           ;incstack = 0
   224                           ; Regs used in _main: [status,2]
   225                           
   226                           
   227                           ;main.c: 8:     {
   228     07E7  1283               	bcf	3,5	;RP0=0, select bank0
   229     07E8  1303               	bcf	3,6	;RP1=0, select bank0
   230     07E9  0186               	clrf	6	;volatile
   231                           
   232                           ;main.c: 9:         if(RC0==0)
   233     07EA  0187               	clrf	7	;volatile
   234                           
   235                           ;main.c: 11:             RB3=0;
   236     07EB  1683               	bsf	3,5	;RP0=1, select bank1
   237     07EC  1303               	bcf	3,6	;RP1=0, select bank1
   238     07ED  0186               	clrf	6	;volatile
   239     07EE                     l568:
   240                           
   241                           ;main.c: 12:         }
   242     07EE  3001               	movlw	1
   243     07EF  0087               	movwf	7	;volatile
   244     07F0                     l570:
   245                           
   246                           ;main.c: 14:         {;main.c: 15:             RB3=1;
   247     07F0  1283               	bcf	3,5	;RP0=0, select bank0
   248     07F1  1807               	btfsc	7,0	;volatile
   249     07F2  2FF4               	goto	u11
   250     07F3  2FF5               	goto	u10
   251     07F4                     u11:
   252     07F4  2FF7               	goto	l18
   253     07F5                     u10:
   254     07F5                     l572:
   255                           
   256                           ;main.c: 16:         };main.c: 17:     }
   257     07F5  1186               	bcf	6,3	;volatile
   258                           
   259                           ;main.c: 18:     return;
   260     07F6  2FF0               	goto	l570
   261     07F7                     l18:	
   262                           ;main.c: 19: }
   263                           
   264     07F7  1586               	bsf	6,3	;volatile
   265     07F8  2FF0               	goto	l570
   266     07F9  120A  118A  2800   	ljmp	start
   267     07FC                     __end_of_main:
   268     0002                     ___latbits      equ	2
   269     007E                     btemp           set	126	;btemp
   270     007E                     btemp0          set	126
   271     007F                     btemp1          set	127
   272     007E                     wtemp0          set	126
   273     007F                     wtemp0a         set	127
   274     007F                     ttemp0a         set	127
   275     0080                     ltemp0a         set	128
   276                           
   277                           	psect	idloc
   278                           
   279                           ;Config register IDLOC0 @ 0x2000
   280                           ;	unspecified, using default values
   281     2000                     	org	8192
   282     2000  3FFF               	dw	16383
   283                           
   284                           ;Config register IDLOC1 @ 0x2001
   285                           ;	unspecified, using default values
   286     2001                     	org	8193
   287     2001  3FFF               	dw	16383
   288                           
   289                           ;Config register IDLOC2 @ 0x2002
   290                           ;	unspecified, using default values
   291     2002                     	org	8194
   292     2002  3FFF               	dw	16383
   293                           
   294                           ;Config register IDLOC3 @ 0x2003
   295                           ;	unspecified, using default values
   296     2003                     	org	8195
   297     2003  3FFF               	dw	16383
   298                           
   299                           	psect	config
   300                           
   301                           ;Config register CONFIG @ 0x2007
   302                           ;	Oscillator Selection bits
   303                           ;	FOSC = 0x3, unprogrammed default
   304                           ;	Watchdog Timer Enable bit
   305                           ;	WDTE = OFF, WDT disabled
   306                           ;	Power-up Timer Enable bit
   307                           ;	PWRTE = 0x1, unprogrammed default
   308                           ;	Brown-out Reset Enable bit
   309                           ;	BOREN = 0x1, unprogrammed default
   310                           ;	Low-Voltage (Single-Supply) In-Circuit Serial Programming Enable bit
   311                           ;	LVP = 0x1, unprogrammed default
   312                           ;	Data EEPROM Memory Code Protection bit
   313                           ;	CPD = 0x1, unprogrammed default
   314                           ;	Flash Program Memory Write Enable bits
   315                           ;	WRT = 0x3, unprogrammed default
   316                           ;	In-Circuit Debugger Mode bit
   317                           ;	DEBUG = 0x1, unprogrammed default
   318                           ;	Flash Program Memory Code Protection bit
   319                           ;	CP = 0x1, unprogrammed default
   320     2007                     	org	8199
   321     2007  3FFB               	dw	16379

Data Sizes:
    Strings     0
    Constant    0
    Data        0
    BSS         0
    Persistent  0
    Stack       0

Auto Spaces:
    Space          Size  Autos    Used
    COMMON           14      0       0
    BANK0            80      0       0
    BANK1            80      0       0
    BANK3            96      0       0
    BANK2            96      0       0

Pointer List with Targets:

    None.

Critical Paths under _main in COMMON

    None.

Critical Paths under _main in BANK0

    None.

Critical Paths under _main in BANK1

    None.

Critical Paths under _main in BANK3

    None.

Critical Paths under _main in BANK2

    None.

Call Graph Tables:

 ---------------------------------------------------------------------------------
 (Depth) Function   	        Calls       Base Space   Used Autos Params    Refs
 ---------------------------------------------------------------------------------
 (0) _main                                                 0     0      0       0
 ---------------------------------------------------------------------------------
 Estimated maximum stack depth 0
 ---------------------------------------------------------------------------------

 Call Graph Graphs:

 _main (ROOT)

Address spaces:
Name               Size   Autos  Total    Usage
BITCOMMON           14      0       0      0.0%
BITBANK0            80      0       0      0.0%
BITBANK1            80      0       0      0.0%
BITBANK3            96      0       0      0.0%
BITBANK2            96      0       0      0.0%
COMMON              14      0       0      0.0%
BANK0               80      0       0      0.0%
BANK1               80      0       0      0.0%
BANK3               96      0       0      0.0%
BANK2               96      0       0      0.0%
STACK                0      0       0      0.0%
DATA                 0      0       0      0.0%


Microchip Technology PIC Macro Assembler V3.10 build 20250813170317 
Symbol Table                                                                                   Mon Sep 28 20:13:42 2026

                     l18 07F7                       u10 07F5                       u11 07F4  
                    l570 07F0                      l572 07F5                      l566 07E7  
                    l568 07EE                      _RC0 0038                      _RB3 0033  
                   _main 07E7                     btemp 007E                     start 0000  
                  ?_main 0000                    _PORTB 0006                    _PORTC 0007  
                  _TRISB 0086                    _TRISC 0087                    btemp0 007E  
                  btemp1 007F                    status 0003                    wtemp0 007E  
        __initialization 07FC             __end_of_main 07FC                   ??_main 0000  
                 ltemp0a 0080                   ttemp0a 007F                   wtemp0a 007F  
__end_of__initialization 07FC           __pcstackCOMMON 0000               __pmaintext 07E7  
   end_of_initialization 07FC      start_initialization 07FC                ___latbits 0002  
