

Microchip MPLAB XC8 Assembler V3.10 build 20250813170317 
                                                                                               Wed Sep 30 20:19:32 2026

Microchip MPLAB XC8 C Compiler v3.10 (Free license) build 20250813170317 Og1 
     1                           	processor	16F877A
     2                           	pagewidth 120
     3                           	opt	flic
     4                           	psect	idataBANK0,global,class=CODE,space=0,delta=2,noexec
     5                           	psect	cinit,global,class=CODE,space=0,merge=1,delta=2
     6                           	psect	dataBANK0,global,class=BANK0,space=1,delta=1,noexec
     7                           	psect	inittext,global,class=CODE,space=0,delta=2
     8                           	psect	cstackCOMMON,global,class=COMMON,space=1,delta=1,noexec
     9                           	psect	cstackBANK0,global,class=BANK0,space=1,delta=1,noexec
    10                           	psect	maintext,global,class=CODE,space=0,split=1,delta=2
    11                           	psect	text1,local,class=CODE,space=0,merge=1,delta=2
    12                           	psect	idloc,global,abs,ovrld,class=IDLOC,space=5,delta=2,noexec
    13                           	psect	config,global,abs,ovrld,class=CONFIG,space=4,delta=2,noexec
    14                           	dabs	1,0x7E,2
    15     0000                     
    16                           ; Version 2.20
    17                           ; Generated 12/02/2020 GMT
    18                           ; 
    19                           ; Copyright © 2020, Microchip Technology Inc. and its subsidiaries ("Microchip")
    20                           ; All rights reserved.
    21                           ; 
    22                           ; This software is developed by Microchip Technology Inc. and its subsidiaries ("Microch
      +                          ip").
    23                           ; 
    24                           ; Redistribution and use in source and binary forms, with or without modification, are
    25                           ; permitted provided that the following conditions are met:
    26                           ; 
    27                           ;     1. Redistributions of source code must retain the above copyright notice, this lis
      +                          t of
    28                           ;        conditions and the following disclaimer.
    29                           ; 
    30                           ;     2. Redistributions in binary form must reproduce the above copyright notice, this 
      +                          list
    31                           ;        of conditions and the following disclaimer in the documentation and/or other
    32                           ;        materials provided with the distribution.
    33                           ; 
    34                           ;     3. Microchip's name may not be used to endorse or promote products derived from th
      +                          is
    35                           ;        software without specific prior written permission.
    36                           ; 
    37                           ; THIS SOFTWARE IS PROVIDED BY MICROCHIP "AS IS" AND ANY EXPRESS OR IMPLIED WARRANTIES,
    38                           ; INCLUDING, BUT NOT LIMITED TO, THE IMPLIED WARRANTIES OF MERCHANTABILITY AND FITNESS F
      +                          OR
    39                           ; PURPOSE ARE DISCLAIMED.  IN NO EVENT SHALL MICROCHIP BE LIABLE FOR ANY DIRECT, INDIREC
      +                          T,
    40                           ; INCIDENTAL, SPECIAL, EXEMPLARY, OR CONSEQUENTIAL DAMAGES (INCLUDING BUT NOT LIMITED TO
    41                           ; PROCUREMENT OF SUBSTITUTE GOODS OR SERVICES; LOSS OF USE, DATA OR PROFITS; OR BUSINESS
    42                           ; INTERRUPTION) HOWSOEVER CAUSED AND ON ANY THEORY OF LIABILITY, WHETHER IN CONTRACT, ST
      +                          RICT
    43                           ; LIABILITY, OR TORT (INCLUDING NEGLIGENCE OR OTHERWISE) ARISING IN ANY WAY OUT OF THE U
      +                          SE OF
    44                           ; THIS SOFTWARE, EVEN IF ADVISED OF THE POSSIBILITY OF SUCH DAMAGE.
    45                           ; 
    46                           ; 
    47                           ; Code-generator required, PIC16F877A Definitions
    48                           ; 
    49                           ; SFR Addresses
    50     0004                     fsr             equ	4
    51     0004                     fsr0            equ	4
    52     0000                     indf            equ	0
    53     0000                     indf0           equ	0
    54     0002                     pc              equ	2
    55     0002                     pcl             equ	2
    56     000A                     pclath          equ	10
    57     0003                     status          equ	3
    58     0000                     INDF            equ	0	;# 
    59     0001                     TMR0            equ	1	;# 
    60     0002                     PCL             equ	2	;# 
    61     0003                     STATUS          equ	3	;# 
    62     0004                     FSR             equ	4	;# 
    63     0005                     PORTA           equ	5	;# 
    64     0006                     PORTB           equ	6	;# 
    65     0007                     PORTC           equ	7	;# 
    66     0008                     PORTD           equ	8	;# 
    67     0009                     PORTE           equ	9	;# 
    68     000A                     PCLATH          equ	10	;# 
    69     000B                     INTCON          equ	11	;# 
    70     000C                     PIR1            equ	12	;# 
    71     000D                     PIR2            equ	13	;# 
    72     000E                     TMR1            equ	14	;# 
    73     000E                     TMR1L           equ	14	;# 
    74     000F                     TMR1H           equ	15	;# 
    75     0010                     T1CON           equ	16	;# 
    76     0011                     TMR2            equ	17	;# 
    77     0012                     T2CON           equ	18	;# 
    78     0013                     SSPBUF          equ	19	;# 
    79     0014                     SSPCON          equ	20	;# 
    80     0015                     CCPR1           equ	21	;# 
    81     0015                     CCPR1L          equ	21	;# 
    82     0016                     CCPR1H          equ	22	;# 
    83     0017                     CCP1CON         equ	23	;# 
    84     0018                     RCSTA           equ	24	;# 
    85     0019                     TXREG           equ	25	;# 
    86     001A                     RCREG           equ	26	;# 
    87     001B                     CCPR2           equ	27	;# 
    88     001B                     CCPR2L          equ	27	;# 
    89     001C                     CCPR2H          equ	28	;# 
    90     001D                     CCP2CON         equ	29	;# 
    91     001E                     ADRESH          equ	30	;# 
    92     001F                     ADCON0          equ	31	;# 
    93     0081                     OPTION_REG      equ	129	;# 
    94     0085                     TRISA           equ	133	;# 
    95     0086                     TRISB           equ	134	;# 
    96     0087                     TRISC           equ	135	;# 
    97     0088                     TRISD           equ	136	;# 
    98     0089                     TRISE           equ	137	;# 
    99     008C                     PIE1            equ	140	;# 
   100     008D                     PIE2            equ	141	;# 
   101     008E                     PCON            equ	142	;# 
   102     0091                     SSPCON2         equ	145	;# 
   103     0092                     PR2             equ	146	;# 
   104     0093                     SSPADD          equ	147	;# 
   105     0094                     SSPSTAT         equ	148	;# 
   106     0098                     TXSTA           equ	152	;# 
   107     0099                     SPBRG           equ	153	;# 
   108     009C                     CMCON           equ	156	;# 
   109     009D                     CVRCON          equ	157	;# 
   110     009E                     ADRESL          equ	158	;# 
   111     009F                     ADCON1          equ	159	;# 
   112     010C                     EEDATA          equ	268	;# 
   113     010D                     EEADR           equ	269	;# 
   114     010E                     EEDATH          equ	270	;# 
   115     010F                     EEADRH          equ	271	;# 
   116     018C                     EECON1          equ	396	;# 
   117     018D                     EECON2          equ	397	;# 
   118     0000                     INDF            equ	0	;# 
   119     0001                     TMR0            equ	1	;# 
   120     0002                     PCL             equ	2	;# 
   121     0003                     STATUS          equ	3	;# 
   122     0004                     FSR             equ	4	;# 
   123     0005                     PORTA           equ	5	;# 
   124     0006                     PORTB           equ	6	;# 
   125     0007                     PORTC           equ	7	;# 
   126     0008                     PORTD           equ	8	;# 
   127     0009                     PORTE           equ	9	;# 
   128     000A                     PCLATH          equ	10	;# 
   129     000B                     INTCON          equ	11	;# 
   130     000C                     PIR1            equ	12	;# 
   131     000D                     PIR2            equ	13	;# 
   132     000E                     TMR1            equ	14	;# 
   133     000E                     TMR1L           equ	14	;# 
   134     000F                     TMR1H           equ	15	;# 
   135     0010                     T1CON           equ	16	;# 
   136     0011                     TMR2            equ	17	;# 
   137     0012                     T2CON           equ	18	;# 
   138     0013                     SSPBUF          equ	19	;# 
   139     0014                     SSPCON          equ	20	;# 
   140     0015                     CCPR1           equ	21	;# 
   141     0015                     CCPR1L          equ	21	;# 
   142     0016                     CCPR1H          equ	22	;# 
   143     0017                     CCP1CON         equ	23	;# 
   144     0018                     RCSTA           equ	24	;# 
   145     0019                     TXREG           equ	25	;# 
   146     001A                     RCREG           equ	26	;# 
   147     001B                     CCPR2           equ	27	;# 
   148     001B                     CCPR2L          equ	27	;# 
   149     001C                     CCPR2H          equ	28	;# 
   150     001D                     CCP2CON         equ	29	;# 
   151     001E                     ADRESH          equ	30	;# 
   152     001F                     ADCON0          equ	31	;# 
   153     0081                     OPTION_REG      equ	129	;# 
   154     0085                     TRISA           equ	133	;# 
   155     0086                     TRISB           equ	134	;# 
   156     0087                     TRISC           equ	135	;# 
   157     0088                     TRISD           equ	136	;# 
   158     0089                     TRISE           equ	137	;# 
   159     008C                     PIE1            equ	140	;# 
   160     008D                     PIE2            equ	141	;# 
   161     008E                     PCON            equ	142	;# 
   162     0091                     SSPCON2         equ	145	;# 
   163     0092                     PR2             equ	146	;# 
   164     0093                     SSPADD          equ	147	;# 
   165     0094                     SSPSTAT         equ	148	;# 
   166     0098                     TXSTA           equ	152	;# 
   167     0099                     SPBRG           equ	153	;# 
   168     009C                     CMCON           equ	156	;# 
   169     009D                     CVRCON          equ	157	;# 
   170     009E                     ADRESL          equ	158	;# 
   171     009F                     ADCON1          equ	159	;# 
   172     010C                     EEDATA          equ	268	;# 
   173     010D                     EEADR           equ	269	;# 
   174     010E                     EEDATH          equ	270	;# 
   175     010F                     EEADRH          equ	271	;# 
   176     018C                     EECON1          equ	396	;# 
   177     018D                     EECON2          equ	397	;# 
   178                           
   179                           	psect	idataBANK0
   180     0792                     __pidataBANK0:
   181                           
   182                           ;initializer for main@F1008
   183     0792  343F               	retlw	63
   184     0793  3406               	retlw	6
   185     0794  345B               	retlw	91
   186     0795  344F               	retlw	79
   187     0796  3466               	retlw	102
   188     0797  346D               	retlw	109
   189     0798  347D               	retlw	125
   190     0799  3407               	retlw	7
   191     079A  347F               	retlw	127
   192     079B  346F               	retlw	111
   193     079C  3480               	retlw	128
   194     0006                     _PORTB          set	6
   195     0086                     _TRISB          set	134
   196                           
   197                           	psect	cinit
   198     07EE                     start_initialization:	
   199                           ; #config settings
   200                           
   201     07EE                     __initialization:
   202                           
   203                           ; Initialize objects allocated to BANK0
   204     07EE  1383               	bcf	3,7	;select IRP bank0
   205     07EF  3037               	movlw	low (__pdataBANK0+11)
   206     07F0  00FD               	movwf	btemp+-1
   207     07F1  3007               	movlw	high __pidataBANK0
   208     07F2  00FE               	movwf	btemp
   209     07F3  3092               	movlw	low __pidataBANK0
   210     07F4  00FF               	movwf	btemp+1
   211     07F5  302C               	movlw	low __pdataBANK0
   212     07F6  0084               	movwf	4
   213     07F7  120A  118A  27A1  120A  118A  	fcall	init_ram0
   214     07FC                     end_of_initialization:	
   215                           ;End of C runtime variable initialization code
   216                           
   217     07FC                     __end_of__initialization:
   218     07FC  0183               	clrf	3
   219     07FD  120A  118A  2FB0   	ljmp	_main	;jump to C main() function
   220                           
   221                           	psect	dataBANK0
   222     002C                     __pdataBANK0:
   223     002C                     main@F1008:
   224     002C                     	ds	11
   225                           
   226                           	psect	inittext
   227     079D                     init_fetch0:	
   228                           ;	Called with low address in FSR and high address in W
   229                           
   230     079D  087E               	movf	btemp,w
   231     079E  008A               	movwf	10
   232     079F  087F               	movf	btemp+1,w
   233     07A0  0082               	movwf	2
   234     07A1                     init_ram0:	
   235                           ;Called with:
   236                           ;	high address of idata address in btemp 
   237                           ;	low address of idata address in btemp+1 
   238                           ;	low address of data in FSR
   239                           ;	high address + 1 of data in btemp-1
   240                           
   241     07A1  120A  118A  279D  120A  118A  	fcall	init_fetch0
   242     07A6  0080               	movwf	0
   243     07A7  0A84               	incf	4,f
   244     07A8  0804               	movf	4,w
   245     07A9  067D               	xorwf	btemp+-1,w
   246     07AA  1903               	btfsc	3,2
   247     07AB  3400               	retlw	0
   248     07AC  0AFF               	incf	btemp+1,f
   249     07AD  1903               	btfsc	3,2
   250     07AE  0AFE               	incf	btemp,f
   251     07AF  2FA1               	goto	init_ram0
   252                           
   253                           	psect	cstackCOMMON
   254     0070                     __pcstackCOMMON:
   255     0070                     ?_init_config:
   256     0070                     ?_main:	
   257                           ; 1 bytes @ 0x0
   258                           
   259     0070                     ??_init_config:	
   260                           ; 1 bytes @ 0x0
   261                           
   262     0070                     ??_main:	
   263                           ; 1 bytes @ 0x0
   264                           
   265                           
   266                           ; 1 bytes @ 0x0
   267     0070                     	ds	4
   268                           
   269                           	psect	cstackBANK0
   270     0020                     __pcstackBANK0:
   271     0020                     main@arr:
   272                           
   273                           ; 11 bytes @ 0x0
   274     0020                     	ds	11
   275     002B                     main@i:
   276                           
   277                           ; 1 bytes @ 0xB
   278     002B                     	ds	1
   279                           
   280                           	psect	maintext
   281     07B0                     __pmaintext:	
   282 ;;
   283 ;;Main: autosize = 0, tempsize = 4, incstack = 0, save=0
   284 ;;
   285 ;; *************** function _main *****************
   286 ;; Defined at:
   287 ;;		line 20 in file "main.c"
   288 ;; Parameters:    Size  Location     Type
   289 ;;		None
   290 ;; Auto vars:     Size  Location     Type
   291 ;;  i               1   11[BANK0 ] unsigned char 
   292 ;;  arr            11    0[BANK0 ] unsigned char [11]
   293 ;; Return value:  Size  Location     Type
   294 ;;                  1    wreg      void 
   295 ;; Registers used:
   296 ;;		wreg, fsr0l, fsr0h, status,2, status,0, pclath, cstack
   297 ;; Tracked objects:
   298 ;;		On entry : B00/0
   299 ;;		On exit  : 0/0
   300 ;;		Unchanged: 0/0
   301 ;; Data sizes:     COMMON   BANK0   BANK1   BANK3   BANK2
   302 ;;      Params:         0       0       0       0       0
   303 ;;      Locals:         0      12       0       0       0
   304 ;;      Temps:          4       0       0       0       0
   305 ;;      Totals:         4      12       0       0       0
   306 ;;Total ram usage:       16 bytes
   307 ;; Hardware stack levels required when called: 1
   308 ;; This function calls:
   309 ;;		_init_config
   310 ;; This function is called by:
   311 ;;		Startup code after reset
   312 ;; This function uses a non-reentrant model
   313 ;;
   314                           
   315     07B0                     _main:	
   316                           ;psect for function _main
   317                           
   318     07B0                     l587:	
   319                           ;incstack = 0
   320                           ; Regs used in _main: [wreg-fsr0h+status,2+status,0+pclath+cstack]
   321                           
   322     07B0  120A  118A  278B  120A  118A  	fcall	_init_config
   323     07B5                     l589:
   324     07B5  302C               	movlw	main@F1008& (0+255)
   325     07B6  0084               	movwf	4
   326     07B7  3020               	movlw	low main@arr
   327     07B8  00F0               	movwf	??_main
   328     07B9  300B               	movlw	11
   329     07BA  00F1               	movwf	??_main+1
   330     07BB                     u30:
   331     07BB  1383               	bcf	3,7	;select IRP bank0
   332     07BC  0800               	movf	0,w
   333     07BD  00F2               	movwf	??_main+2
   334     07BE  0A04               	incf	4,w
   335     07BF  00F3               	movwf	??_main+3
   336     07C0  0870               	movf	??_main,w
   337     07C1  0084               	movwf	4
   338     07C2  0872               	movf	??_main+2,w
   339     07C3  0080               	movwf	0
   340     07C4  0A04               	incf	4,w
   341     07C5  00F0               	movwf	??_main
   342     07C6  0873               	movf	??_main+3,w
   343     07C7  0084               	movwf	4
   344     07C8  0BF1               	decfsz	??_main+1,f
   345     07C9  2FBB               	goto	u30
   346     07CA                     l591:
   347     07CA  1283               	bcf	3,5	;RP0=0, select bank0
   348     07CB  1303               	bcf	3,6	;RP1=0, select bank0
   349     07CC  01AB               	clrf	main@i
   350     07CD                     l597:
   351     07CD  082B               	movf	main@i,w
   352     07CE  3E20               	addlw	(low (main@arr| 0))& (0+255)
   353     07CF  0084               	movwf	4
   354     07D0  1383               	bcf	3,7	;select IRP bank0
   355     07D1  0900               	comf	0,w
   356     07D2  0086               	movwf	6	;volatile
   357     07D3                     l599:
   358     07D3  301A               	movlw	26
   359     07D4  00F2               	movwf	??_main+2
   360     07D5  305E               	movlw	94
   361     07D6  00F1               	movwf	??_main+1
   362     07D7  306E               	movlw	110
   363     07D8  00F0               	movwf	??_main
   364     07D9                     u57:
   365     07D9  0BF0               	decfsz	??_main,f
   366     07DA  2FD9               	goto	u57
   367     07DB  0BF1               	decfsz	??_main+1,f
   368     07DC  2FD9               	goto	u57
   369     07DD  0BF2               	decfsz	??_main+2,f
   370     07DE  2FD9               	goto	u57
   371     07DF  0000               	nop
   372     07E0                     l601:
   373     07E0  3001               	movlw	1
   374     07E1  1283               	bcf	3,5	;RP0=0, select bank0
   375     07E2  1303               	bcf	3,6	;RP1=0, select bank0
   376     07E3  07AB               	addwf	main@i,f
   377     07E4                     l603:
   378     07E4  300B               	movlw	11
   379     07E5  022B               	subwf	main@i,w
   380     07E6  1C03               	skipc
   381     07E7  2FE9               	goto	u41
   382     07E8  2FEA               	goto	u40
   383     07E9                     u41:
   384     07E9  2FCD               	goto	l597
   385     07EA                     u40:
   386     07EA  2FCA               	goto	l591
   387     07EB  120A  118A  2800   	ljmp	start
   388     07EE                     __end_of_main:
   389                           
   390                           	psect	text1
   391     078B                     __ptext1:	
   392 ;; *************** function _init_config *****************
   393 ;; Defined at:
   394 ;;		line 15 in file "main.c"
   395 ;; Parameters:    Size  Location     Type
   396 ;;		None
   397 ;; Auto vars:     Size  Location     Type
   398 ;;		None
   399 ;; Return value:  Size  Location     Type
   400 ;;                  1    wreg      void 
   401 ;; Registers used:
   402 ;;		status,2
   403 ;; Tracked objects:
   404 ;;		On entry : 0/0
   405 ;;		On exit  : 0/0
   406 ;;		Unchanged: 0/0
   407 ;; Data sizes:     COMMON   BANK0   BANK1   BANK3   BANK2
   408 ;;      Params:         0       0       0       0       0
   409 ;;      Locals:         0       0       0       0       0
   410 ;;      Temps:          0       0       0       0       0
   411 ;;      Totals:         0       0       0       0       0
   412 ;;Total ram usage:        0 bytes
   413 ;; Hardware stack levels used: 1
   414 ;; This function calls:
   415 ;;		Nothing
   416 ;; This function is called by:
   417 ;;		_main
   418 ;; This function uses a non-reentrant model
   419 ;;
   420                           
   421     078B                     _init_config:	
   422                           ;psect for function _init_config
   423                           
   424     078B                     l585:	
   425                           ;incstack = 0
   426                           ; Regs used in _init_config: [status,2]
   427                           
   428                           
   429                           ;main.c: 17: }
   430     078B  1283               	bcf	3,5	;RP0=0, select bank0
   431     078C  1303               	bcf	3,6	;RP1=0, select bank0
   432     078D  0186               	clrf	6	;volatile
   433     078E  1683               	bsf	3,5	;RP0=1, select bank1
   434     078F  1303               	bcf	3,6	;RP1=0, select bank1
   435     0790  0186               	clrf	6	;volatile
   436     0791                     l9:
   437     0791  0008               	return
   438     0792                     __end_of_init_config:
   439     0002                     ___latbits      equ	2
   440     007E                     btemp           set	126	;btemp
   441     007E                     btemp0          set	126
   442     007F                     btemp1          set	127
   443     007E                     wtemp0          set	126
   444     007F                     wtemp0a         set	127
   445     007F                     ttemp0a         set	127
   446     0080                     ltemp0a         set	128
   447                           
   448                           	psect	idloc
   449                           
   450                           ;Config register IDLOC0 @ 0x2000
   451                           ;	unspecified, using default values
   452     2000                     	org	8192
   453     2000  3FFF               	dw	16383
   454                           
   455                           ;Config register IDLOC1 @ 0x2001
   456                           ;	unspecified, using default values
   457     2001                     	org	8193
   458     2001  3FFF               	dw	16383
   459                           
   460                           ;Config register IDLOC2 @ 0x2002
   461                           ;	unspecified, using default values
   462     2002                     	org	8194
   463     2002  3FFF               	dw	16383
   464                           
   465                           ;Config register IDLOC3 @ 0x2003
   466                           ;	unspecified, using default values
   467     2003                     	org	8195
   468     2003  3FFF               	dw	16383
   469                           
   470                           	psect	config
   471                           
   472                           ;Config register CONFIG @ 0x2007
   473                           ;	Oscillator Selection bits
   474                           ;	FOSC = 0x3, unprogrammed default
   475                           ;	Watchdog Timer Enable bit
   476                           ;	WDTE = OFF, WDT disabled
   477                           ;	Power-up Timer Enable bit
   478                           ;	PWRTE = 0x1, unprogrammed default
   479                           ;	Brown-out Reset Enable bit
   480                           ;	BOREN = 0x1, unprogrammed default
   481                           ;	Low-Voltage (Single-Supply) In-Circuit Serial Programming Enable bit
   482                           ;	LVP = 0x1, unprogrammed default
   483                           ;	Data EEPROM Memory Code Protection bit
   484                           ;	CPD = 0x1, unprogrammed default
   485                           ;	Flash Program Memory Write Enable bits
   486                           ;	WRT = 0x3, unprogrammed default
   487                           ;	In-Circuit Debugger Mode bit
   488                           ;	DEBUG = 0x1, unprogrammed default
   489                           ;	Flash Program Memory Code Protection bit
   490                           ;	CP = 0x1, unprogrammed default
   491     2007                     	org	8199
   492     2007  3FFB               	dw	16379

Data Sizes:
    Strings     0
    Constant    0
    Data        11
    BSS         0
    Persistent  0
    Stack       0

Auto Spaces:
    Space          Size  Autos    Used
    COMMON           14      4       4
    BANK0            80     12      23
    BANK1            80      0       0
    BANK3            96      0       0
    BANK2            96      0       0

Pointer List with Targets:

    None.

Critical Paths under _main in COMMON

    None.

Critical Paths under _main in BANK0

    None.

Critical Paths under _main in BANK1

    None.

Critical Paths under _main in BANK3

    None.

Critical Paths under _main in BANK2

    None.

Call Graph Tables:

 ---------------------------------------------------------------------------------
 (Depth) Function   	        Calls       Base Space   Used Autos Params    Refs
 ---------------------------------------------------------------------------------
 (0) _main                                                16    16      0      92
                                              0 COMMON     4     4      0
                                              0 BANK0     12    12      0
                        _init_config
 ---------------------------------------------------------------------------------
 (1) _init_config                                          0     0      0       0
 ---------------------------------------------------------------------------------
 Estimated maximum stack depth 1
 ---------------------------------------------------------------------------------

 Call Graph Graphs:

 _main (ROOT)
   _init_config

Address spaces:
Name               Size   Autos  Total    Usage
BANK3               96      0       0      0.0%
BITBANK3            96      0       0      0.0%
BANK2               96      0       0      0.0%
BITBANK2            96      0       0      0.0%
BANK1               80      0       0      0.0%
BITBANK1            80      0       0      0.0%
BANK0               80     12      23     28.7%
BITBANK0            80      0       0      0.0%
COMMON              14      4       4     28.6%
BITCOMMON           14      0       0      0.0%
DATA                 0      0      27      0.0%
STACK                0      0       0      0.0%


Microchip Technology PIC Macro Assembler V3.10 build 20250813170317 
Symbol Table                                                                                   Wed Sep 30 20:19:32 2026

                      l9 0791                        pc 0002                       u30 07BB  
                     u40 07EA                       u41 07E9                       u57 07D9  
                     fsr 0004                      l601 07E0                      l603 07E4  
                    l591 07CA                      l585 078B                      l587 07B0  
                    l597 07CD                      l589 07B5                      l599 07D3  
                    fsr0 0004                      indf 0000                     _main 07B0  
                   btemp 007E                     start 0000                    ?_main 0070  
           ?_init_config 0070                    _PORTB 0006                    _TRISB 0086  
                  btemp0 007E                    btemp1 007F                    main@i 002B  
                  pclath 000A                    status 0003                    wtemp0 007E  
        __initialization 07EE             __end_of_main 07EE                   ??_main 0070  
                 ltemp0a 0080                   ttemp0a 007F                   wtemp0a 007F  
__end_of__initialization 07FC           __pcstackCOMMON 0070             __pidataBANK0 0792  
             __pmaintext 07B0                  __ptext1 078B                  main@arr 0020  
   end_of_initialization 07FC      start_initialization 07EE               init_fetch0 079D  
            __pdataBANK0 002C            ??_init_config 0070                ___latbits 0002  
          __pcstackBANK0 0020      __end_of_init_config 0792                main@F1008 002C  
            _init_config 078B                 init_ram0 07A1  
