

Microchip MPLAB XC8 Assembler V3.10 build 20250813170317 
                                                                                               Fri Sep 25 20:15:00 2026

Microchip MPLAB XC8 C Compiler v3.10 (Free license) build 20250813170317 Og1 
     1                           	processor	16F877A
     2                           	pagewidth 120
     3                           	opt	flic
     4                           	psect	cinit,global,class=CODE,space=0,merge=1,delta=2
     5                           	psect	cstackCOMMON,global,class=COMMON,space=1,delta=1,noexec
     6                           	psect	maintext,global,class=CODE,space=0,split=1,delta=2
     7                           	psect	text1,local,class=CODE,space=0,merge=1,delta=2
     8                           	psect	config,global,abs,ovrld,class=CONFIG,space=4,delta=2,noexec
     9                           	dabs	1,0x7E,2
    10     0000                     
    11                           ; Generated 22/04/2026 GMT
    12                           ; 
    13                           ; Copyright (c) 2026 Microchip Technology Inc. and its subsidiaries.
    14                           ; 
    15                           ; Licensed under the Apache License, Version 2.0 (the "License");
    16                           ; you may not use this file except in compliance with the License.
    17                           ; You may obtain a copy of the License at
    18                           ; 
    19                           ;   http://www.apache.org/licenses/LICENSE-2.0
    20                           ; 
    21                           ; Unless required by applicable law or agreed to in writing, software
    22                           ; distributed under the License is distributed on an "AS IS" BASIS,
    23                           ; WITHOUT WARRANTIES OR CONDITIONS OF ANY KIND, either express or implied.
    24                           ; See the License for the specific language governing permissions and
    25                           ; limitations under the License.
    26                           ; 
    27                           ; 
    28                           ; Code-generator required, PIC16F877A Definitions
    29                           ; 
    30                           ; SFR Addresses
    31     0004                     fsr             equ	4
    32     0004                     fsr0            equ	4
    33     0000                     indf            equ	0
    34     0000                     indf0           equ	0
    35     0002                     pc              equ	2
    36     0002                     pcl             equ	2
    37     000A                     pclath          equ	10
    38     0003                     status          equ	3
    39     0000                     INDF            equ	0	;# 
    40     0001                     TMR0            equ	1	;# 
    41     0002                     PCL             equ	2	;# 
    42     0003                     STATUS          equ	3	;# 
    43     0004                     FSR             equ	4	;# 
    44     0005                     PORTA           equ	5	;# 
    45     0006                     PORTB           equ	6	;# 
    46     0007                     PORTC           equ	7	;# 
    47     0008                     PORTD           equ	8	;# 
    48     0009                     PORTE           equ	9	;# 
    49     000A                     PCLATH          equ	10	;# 
    50     000B                     INTCON          equ	11	;# 
    51     000C                     PIR1            equ	12	;# 
    52     000D                     PIR2            equ	13	;# 
    53     000E                     TMR1            equ	14	;# 
    54     000E                     TMR1L           equ	14	;# 
    55     000F                     TMR1H           equ	15	;# 
    56     0010                     T1CON           equ	16	;# 
    57     0011                     TMR2            equ	17	;# 
    58     0012                     T2CON           equ	18	;# 
    59     0013                     SSPBUF          equ	19	;# 
    60     0014                     SSPCON          equ	20	;# 
    61     0015                     CCPR1           equ	21	;# 
    62     0015                     CCPR1L          equ	21	;# 
    63     0016                     CCPR1H          equ	22	;# 
    64     0017                     CCP1CON         equ	23	;# 
    65     0018                     RCSTA           equ	24	;# 
    66     0019                     TXREG           equ	25	;# 
    67     001A                     RCREG           equ	26	;# 
    68     001B                     CCPR2           equ	27	;# 
    69     001B                     CCPR2L          equ	27	;# 
    70     001C                     CCPR2H          equ	28	;# 
    71     001D                     CCP2CON         equ	29	;# 
    72     001E                     ADRESH          equ	30	;# 
    73     001F                     ADCON0          equ	31	;# 
    74     0081                     OPTION_REG      equ	129	;# 
    75     0085                     TRISA           equ	133	;# 
    76     0086                     TRISB           equ	134	;# 
    77     0087                     TRISC           equ	135	;# 
    78     0088                     TRISD           equ	136	;# 
    79     0089                     TRISE           equ	137	;# 
    80     008C                     PIE1            equ	140	;# 
    81     008D                     PIE2            equ	141	;# 
    82     008E                     PCON            equ	142	;# 
    83     0091                     SSPCON2         equ	145	;# 
    84     0092                     PR2             equ	146	;# 
    85     0093                     SSPADD          equ	147	;# 
    86     0094                     SSPSTAT         equ	148	;# 
    87     0098                     TXSTA           equ	152	;# 
    88     0099                     SPBRG           equ	153	;# 
    89     009C                     CMCON           equ	156	;# 
    90     009D                     CVRCON          equ	157	;# 
    91     009E                     ADRESL          equ	158	;# 
    92     009F                     ADCON1          equ	159	;# 
    93     010C                     EEDATA          equ	268	;# 
    94     010D                     EEADR           equ	269	;# 
    95     010E                     EEDATH          equ	270	;# 
    96     010F                     EEADRH          equ	271	;# 
    97     018C                     EECON1          equ	396	;# 
    98     018D                     EECON2          equ	397	;# 
    99     0000                     INDF            equ	0	;# 
   100     0001                     TMR0            equ	1	;# 
   101     0002                     PCL             equ	2	;# 
   102     0003                     STATUS          equ	3	;# 
   103     0004                     FSR             equ	4	;# 
   104     0005                     PORTA           equ	5	;# 
   105     0006                     PORTB           equ	6	;# 
   106     0007                     PORTC           equ	7	;# 
   107     0008                     PORTD           equ	8	;# 
   108     0009                     PORTE           equ	9	;# 
   109     000A                     PCLATH          equ	10	;# 
   110     000B                     INTCON          equ	11	;# 
   111     000C                     PIR1            equ	12	;# 
   112     000D                     PIR2            equ	13	;# 
   113     000E                     TMR1            equ	14	;# 
   114     000E                     TMR1L           equ	14	;# 
   115     000F                     TMR1H           equ	15	;# 
   116     0010                     T1CON           equ	16	;# 
   117     0011                     TMR2            equ	17	;# 
   118     0012                     T2CON           equ	18	;# 
   119     0013                     SSPBUF          equ	19	;# 
   120     0014                     SSPCON          equ	20	;# 
   121     0015                     CCPR1           equ	21	;# 
   122     0015                     CCPR1L          equ	21	;# 
   123     0016                     CCPR1H          equ	22	;# 
   124     0017                     CCP1CON         equ	23	;# 
   125     0018                     RCSTA           equ	24	;# 
   126     0019                     TXREG           equ	25	;# 
   127     001A                     RCREG           equ	26	;# 
   128     001B                     CCPR2           equ	27	;# 
   129     001B                     CCPR2L          equ	27	;# 
   130     001C                     CCPR2H          equ	28	;# 
   131     001D                     CCP2CON         equ	29	;# 
   132     001E                     ADRESH          equ	30	;# 
   133     001F                     ADCON0          equ	31	;# 
   134     0081                     OPTION_REG      equ	129	;# 
   135     0085                     TRISA           equ	133	;# 
   136     0086                     TRISB           equ	134	;# 
   137     0087                     TRISC           equ	135	;# 
   138     0088                     TRISD           equ	136	;# 
   139     0089                     TRISE           equ	137	;# 
   140     008C                     PIE1            equ	140	;# 
   141     008D                     PIE2            equ	141	;# 
   142     008E                     PCON            equ	142	;# 
   143     0091                     SSPCON2         equ	145	;# 
   144     0092                     PR2             equ	146	;# 
   145     0093                     SSPADD          equ	147	;# 
   146     0094                     SSPSTAT         equ	148	;# 
   147     0098                     TXSTA           equ	152	;# 
   148     0099                     SPBRG           equ	153	;# 
   149     009C                     CMCON           equ	156	;# 
   150     009D                     CVRCON          equ	157	;# 
   151     009E                     ADRESL          equ	158	;# 
   152     009F                     ADCON1          equ	159	;# 
   153     010C                     EEDATA          equ	268	;# 
   154     010D                     EEADR           equ	269	;# 
   155     010E                     EEDATH          equ	270	;# 
   156     010F                     EEADRH          equ	271	;# 
   157     018C                     EECON1          equ	396	;# 
   158     018D                     EECON2          equ	397	;# 
   159     0008                     _PORTD          set	8
   160     0088                     _TRISD          set	136
   161                           
   162                           	psect	cinit
   163     07FC                     start_initialization:	
   164                           ; #config settings
   165                           
   166     07FC                     __initialization:
   167     07FC                     end_of_initialization:	
   168                           ;End of C runtime variable initialization code
   169                           
   170     07FC                     __end_of__initialization:
   171     07FC  0183               	clrf	3
   172     07FD  120A  118A  2FA8   	ljmp	_main	;jump to C main() function
   173                           
   174                           	psect	cstackCOMMON
   175     0070                     __pcstackCOMMON:
   176     0070                     ?_gpio_config:
   177     0070                     ?_main:	
   178                           ; 1 bytes @ 0x0
   179                           
   180     0070                     ??_gpio_config:	
   181                           ; 2 bytes @ 0x0
   182                           
   183     0070                     ??_main:	
   184                           ; 1 bytes @ 0x0
   185                           
   186                           
   187                           ; 1 bytes @ 0x0
   188     0070                     	ds	3
   189     0073                     main@i:
   190                           
   191                           ; 1 bytes @ 0x3
   192     0073                     	ds	1
   193     0074                     main@i_38:
   194                           
   195                           ; 1 bytes @ 0x4
   196     0074                     	ds	1
   197                           
   198                           	psect	maintext
   199     07A8                     __pmaintext:	
   200 ;;
   201 ;;Main: autosize = 0, tempsize = 3, incstack = 0, save=0
   202 ;;
   203 ;; *************** function _main *****************
   204 ;; Defined at:
   205 ;;		line 19 in file "main.c"
   206 ;; Parameters:    Size  Location     Type
   207 ;;		None
   208 ;; Auto vars:     Size  Location     Type
   209 ;;  i               1    4[COMMON] unsigned char 
   210 ;;  i               1    3[COMMON] unsigned char 
   211 ;; Return value:  Size  Location     Type
   212 ;;                  2   13[None  ] int 
   213 ;; Registers used:
   214 ;;		wreg, status,2, status,0, pclath, cstack
   215 ;; Tracked objects:
   216 ;;		On entry : B00/0
   217 ;;		On exit  : 0/0
   218 ;;		Unchanged: 0/0
   219 ;; Data sizes:     COMMON   BANK0   BANK1   BANK3   BANK2
   220 ;;      Params:         0       0       0       0       0
   221 ;;      Locals:         2       0       0       0       0
   222 ;;      Temps:          3       0       0       0       0
   223 ;;      Totals:         5       0       0       0       0
   224 ;;Total ram usage:        5 bytes
   225 ;; Hardware stack levels required when called: 1
   226 ;; This function calls:
   227 ;;		_gpio_config
   228 ;; This function is called by:
   229 ;;		Startup code after reset
   230 ;; This function uses a non-reentrant model
   231 ;;
   232                           
   233     07A8                     _main:	
   234                           ;psect for function _main
   235                           
   236     07A8                     l567:	
   237                           ;incstack = 0
   238                           ; Regs used in _main: [wreg+status,2+status,0+pclath+cstack]
   239                           
   240                           
   241                           ;main.c: 21:     return (0);
   242     07A8  120A  118A  27A1  120A  118A  	fcall	_gpio_config
   243     07AD                     l569:
   244     07AD  01F3               	clrf	main@i
   245     07AE                     l575:
   246     07AE  3001               	movlw	1
   247     07AF  00F0               	movwf	??_main
   248     07B0  0A73               	incf	main@i,w
   249     07B1  2FB4               	goto	u14
   250     07B2                     u15:
   251     07B2  1003               	clrc
   252     07B3  0DF0               	rlf	??_main,f
   253     07B4                     u14:
   254     07B4  3EFF               	addlw	-1
   255     07B5  1D03               	skipz
   256     07B6  2FB2               	goto	u15
   257     07B7  0870               	movf	??_main,w
   258     07B8  1283               	bcf	3,5	;RP0=0, select bank0
   259     07B9  1303               	bcf	3,6	;RP1=0, select bank0
   260     07BA  0408               	iorwf	8,w	;volatile
   261     07BB  0088               	movwf	8	;volatile
   262     07BC                     l577:
   263     07BC  300D               	movlw	13
   264     07BD  00F2               	movwf	??_main+2
   265     07BE  30AF               	movlw	175
   266     07BF  00F1               	movwf	??_main+1
   267     07C0  30B6               	movlw	182
   268     07C1  00F0               	movwf	??_main
   269     07C2                     u57:
   270     07C2  0BF0               	decfsz	??_main,f
   271     07C3  2FC2               	goto	u57
   272     07C4  0BF1               	decfsz	??_main+1,f
   273     07C5  2FC2               	goto	u57
   274     07C6  0BF2               	decfsz	??_main+2,f
   275     07C7  2FC2               	goto	u57
   276     07C8  0000               	nop
   277     07C9                     l579:
   278     07C9  3001               	movlw	1
   279     07CA  07F3               	addwf	main@i,f
   280     07CB  3008               	movlw	8
   281     07CC  0273               	subwf	main@i,w
   282     07CD  1C03               	skipc
   283     07CE  2FD0               	goto	u21
   284     07CF  2FD1               	goto	u20
   285     07D0                     u21:
   286     07D0  2FAE               	goto	l575
   287     07D1                     u20:
   288     07D1                     l16:
   289     07D1  3008               	movlw	8
   290     07D2  00F4               	movwf	main@i_38
   291     07D3                     l585:
   292     07D3  3001               	movlw	1
   293     07D4  00F0               	movwf	??_main
   294     07D5  0874               	movf	main@i_38,w
   295     07D6  3EFF               	addlw	-1
   296     07D7  3E01               	addlw	1
   297     07D8  2FDB               	goto	u34
   298     07D9                     u35:
   299     07D9  1003               	clrc
   300     07DA  0DF0               	rlf	??_main,f
   301     07DB                     u34:
   302     07DB  3EFF               	addlw	-1
   303     07DC  1D03               	skipz
   304     07DD  2FD9               	goto	u35
   305     07DE  0870               	movf	??_main,w
   306     07DF  3AFF               	xorlw	255
   307     07E0  1283               	bcf	3,5	;RP0=0, select bank0
   308     07E1  1303               	bcf	3,6	;RP1=0, select bank0
   309     07E2  0508               	andwf	8,w	;volatile
   310     07E3  0088               	movwf	8	;volatile
   311     07E4                     l587:
   312     07E4  300D               	movlw	13
   313     07E5  00F2               	movwf	??_main+2
   314     07E6  30AF               	movlw	175
   315     07E7  00F1               	movwf	??_main+1
   316     07E8  30B6               	movlw	182
   317     07E9  00F0               	movwf	??_main
   318     07EA                     u67:
   319     07EA  0BF0               	decfsz	??_main,f
   320     07EB  2FEA               	goto	u67
   321     07EC  0BF1               	decfsz	??_main+1,f
   322     07ED  2FEA               	goto	u67
   323     07EE  0BF2               	decfsz	??_main+2,f
   324     07EF  2FEA               	goto	u67
   325     07F0  0000               	nop
   326     07F1                     l589:
   327     07F1  3001               	movlw	1
   328     07F2  02F4               	subwf	main@i_38,f
   329     07F3                     l591:
   330     07F3  0874               	movf	main@i_38,w
   331     07F4  1D03               	btfss	3,2
   332     07F5  2FF7               	goto	u41
   333     07F6  2FF8               	goto	u40
   334     07F7                     u41:
   335     07F7  2FD3               	goto	l585
   336     07F8                     u40:
   337     07F8  2FAD               	goto	l569
   338     07F9  120A  118A  2800   	ljmp	start
   339     07FC                     __end_of_main:
   340                           
   341                           	psect	text1
   342     07A1                     __ptext1:	
   343 ;; *************** function _gpio_config *****************
   344 ;; Defined at:
   345 ;;		line 14 in file "main.c"
   346 ;; Parameters:    Size  Location     Type
   347 ;;		None
   348 ;; Auto vars:     Size  Location     Type
   349 ;;		None
   350 ;; Return value:  Size  Location     Type
   351 ;;                  1    wreg      void 
   352 ;; Registers used:
   353 ;;		status,2
   354 ;; Tracked objects:
   355 ;;		On entry : 0/0
   356 ;;		On exit  : 0/0
   357 ;;		Unchanged: 0/0
   358 ;; Data sizes:     COMMON   BANK0   BANK1   BANK3   BANK2
   359 ;;      Params:         0       0       0       0       0
   360 ;;      Locals:         0       0       0       0       0
   361 ;;      Temps:          0       0       0       0       0
   362 ;;      Totals:         0       0       0       0       0
   363 ;;Total ram usage:        0 bytes
   364 ;; Hardware stack levels used: 1
   365 ;; This function calls:
   366 ;;		Nothing
   367 ;; This function is called by:
   368 ;;		_main
   369 ;; This function uses a non-reentrant model
   370 ;;
   371                           
   372     07A1                     _gpio_config:	
   373                           ;psect for function _gpio_config
   374                           
   375     07A1                     l565:	
   376                           ;incstack = 0
   377                           ; Regs used in _gpio_config: [status,2]
   378                           
   379                           
   380                           ;main.c: 16:         {
   381     07A1  1283               	bcf	3,5	;RP0=0, select bank0
   382     07A2  1303               	bcf	3,6	;RP1=0, select bank0
   383     07A3  0188               	clrf	8	;volatile
   384                           
   385                           ;main.c: 17:             PORTD = PORTD & (~(1<<(i-1)));
   386     07A4  1683               	bsf	3,5	;RP0=1, select bank1
   387     07A5  1303               	bcf	3,6	;RP1=0, select bank1
   388     07A6  0188               	clrf	8	;volatile
   389     07A7                     l9:
   390     07A7  0008               	return
   391     07A8                     __end_of_gpio_config:
   392     0002                     ___latbits      equ	2
   393     007E                     btemp           set	126	;btemp
   394     007E                     btemp0          set	126
   395     007F                     btemp1          set	127
   396     007E                     wtemp0          set	126
   397     007F                     wtemp0a         set	127
   398     007F                     ttemp0a         set	127
   399     0080                     ltemp0a         set	128
   400                           
   401                           	psect	config
   402                           
   403                           ;Config register CONFIG @ 0x2007
   404                           ;	Oscillator Selection bits
   405                           ;	FOSC = 0x3, unprogrammed default
   406                           ;	Watchdog Timer Enable bit
   407                           ;	WDTE = OFF, WDT disabled
   408                           ;	Power-up Timer Enable bit
   409                           ;	PWRTE = 0x1, unprogrammed default
   410                           ;	Brown-out Reset Enable bit
   411                           ;	BOREN = 0x1, unprogrammed default
   412                           ;	Low-Voltage (Single-Supply) In-Circuit Serial Programming Enable bit
   413                           ;	LVP = 0x1, unprogrammed default
   414                           ;	Data EEPROM Memory Code Protection bit
   415                           ;	CPD = 0x1, unprogrammed default
   416                           ;	Flash Program Memory Write Enable bits
   417                           ;	WRT = 0x3, unprogrammed default
   418                           ;	In-Circuit Debugger Mode bit
   419                           ;	DEBUG = 0x1, unprogrammed default
   420                           ;	Flash Program Memory Code Protection bit
   421                           ;	CP = 0x1, unprogrammed default
   422     2007                     	org	8199
   423     2007  3FFB               	dw	16379

Data Sizes:
    Strings     0
    Constant    0
    Data        0
    BSS         0
    Persistent  0
    Stack       0

Auto Spaces:
    Space          Size  Autos    Used
    COMMON           14      5       5
    BANK0            80      0       0
    BANK1            80      0       0
    BANK3            96      0       0
    BANK2            96      0       0

Pointer List with Targets:

    None.

Critical Paths under _main in COMMON

    None.

Critical Paths under _main in BANK0

    None.

Critical Paths under _main in BANK1

    None.

Critical Paths under _main in BANK3

    None.

Critical Paths under _main in BANK2

    None.

Call Graph Tables:

 ---------------------------------------------------------------------------------
 (Depth) Function   	        Calls       Base Space   Used Autos Params    Refs
 ---------------------------------------------------------------------------------
 (0) _main                                                 5     5      0      90
                                              0 COMMON     5     5      0
                        _gpio_config
 ---------------------------------------------------------------------------------
 (1) _gpio_config                                          0     0      0       0
 ---------------------------------------------------------------------------------
 Estimated maximum stack depth 1
 ---------------------------------------------------------------------------------

 Call Graph Graphs:

 _main (ROOT)
   _gpio_config

Address spaces:
Name               Size   Autos  Total    Usage
BITCOMMON           14      0       0      0.0%
BITBANK0            80      0       0      0.0%
BITBANK1            80      0       0      0.0%
BITBANK3            96      0       0      0.0%
BITBANK2            96      0       0      0.0%
COMMON              14      5       5     35.7%
BANK0               80      0       0      0.0%
BANK1               80      0       0      0.0%
BANK3               96      0       0      0.0%
BANK2               96      0       0      0.0%
STACK                0      0       0      0.0%
DATA                 0      0       5      0.0%


Microchip Technology PIC Macro Assembler V3.10 build 20250813170317 
Symbol Table                                                                                   Fri Sep 25 20:15:00 2026

                      l9 07A7                       l16 07D1                       u20 07D1  
                     u21 07D0                       u14 07B4                       u15 07B2  
                     u40 07F8                       u41 07F7                       u34 07DB  
                     u35 07D9                       u57 07C2                       u67 07EA  
                    l565 07A1                      l591 07F3                      l575 07AE  
                    l567 07A8                      l585 07D3                      l577 07BC  
                    l569 07AD                      l587 07E4                      l579 07C9  
                    l589 07F1                     _main 07A8                     btemp 007E  
                   start 0000             ?_gpio_config 0070                    ?_main 0070  
                  _PORTD 0008                    _TRISD 0088                    btemp0 007E  
                  btemp1 007F                    main@i 0073                    status 0003  
                  wtemp0 007E          __initialization 07FC             __end_of_main 07FC  
                 ??_main 0070                   ltemp0a 0080                   ttemp0a 007F  
                 wtemp0a 007F  __end_of__initialization 07FC           __pcstackCOMMON 0070  
             __pmaintext 07A8                  __ptext1 07A1     end_of_initialization 07FC  
    start_initialization 07FC            ??_gpio_config 0070                ___latbits 0002  
    __end_of_gpio_config 07A8              _gpio_config 07A1                 main@i_38 0074  
